Component: Arm Compiler for Embedded 6.22 Tool: armlink [5ee90200]

==============================================================================

Section Cross References

    startup_stm32f103xb.o(STACK) refers (Special) to heapauxi.o(.text) for __use_two_region_memory
    startup_stm32f103xb.o(HEAP) refers (Special) to heapauxi.o(.text) for __use_two_region_memory
    startup_stm32f103xb.o(RESET) refers (Special) to heapauxi.o(.text) for __use_two_region_memory
    startup_stm32f103xb.o(RESET) refers to startup_stm32f103xb.o(STACK) for __initial_sp
    startup_stm32f103xb.o(RESET) refers to startup_stm32f103xb.o(.text) for Reset_Handler
    startup_stm32f103xb.o(RESET) refers to stm32f1xx_it.o(.text.NMI_Handler) for NMI_Handler
    startup_stm32f103xb.o(RESET) refers to stm32f1xx_it.o(.text.HardFault_Handler) for HardFault_Handler
    startup_stm32f103xb.o(RESET) refers to stm32f1xx_it.o(.text.MemManage_Handler) for MemManage_Handler
    startup_stm32f103xb.o(RESET) refers to stm32f1xx_it.o(.text.BusFault_Handler) for BusFault_Handler
    startup_stm32f103xb.o(RESET) refers to stm32f1xx_it.o(.text.UsageFault_Handler) for UsageFault_Handler
    startup_stm32f103xb.o(RESET) refers to stm32f1xx_it.o(.text.SVC_Handler) for SVC_Handler
    startup_stm32f103xb.o(RESET) refers to stm32f1xx_it.o(.text.DebugMon_Handler) for DebugMon_Handler
    startup_stm32f103xb.o(RESET) refers to stm32f1xx_it.o(.text.PendSV_Handler) for PendSV_Handler
    startup_stm32f103xb.o(RESET) refers to stm32f1xx_it.o(.text.SysTick_Handler) for SysTick_Handler
    startup_stm32f103xb.o(RESET) refers to stm32f1xx_it.o(.text.USART1_IRQHandler) for USART1_IRQHandler
    startup_stm32f103xb.o(.text) refers (Special) to heapauxi.o(.text) for __use_two_region_memory
    startup_stm32f103xb.o(.text) refers to system_stm32f1xx.o(.text.SystemInit) for SystemInit
    startup_stm32f103xb.o(.text) refers to __main.o(!!!main) for __main
    startup_stm32f103xb.o(.text) refers to startup_stm32f103xb.o(HEAP) for Heap_Mem
    startup_stm32f103xb.o(.text) refers to startup_stm32f103xb.o(STACK) for Stack_Mem
    main.o(.text.main) refers to stm32f1xx_hal.o(.text.HAL_Init) for HAL_Init
    main.o(.text.main) refers to rt_memclr_w.o(.text) for __aeabi_memclr4
    main.o(.text.main) refers to stm32f1xx_hal_rcc.o(.text.HAL_RCC_OscConfig) for HAL_RCC_OscConfig
    main.o(.text.main) refers to board_gpio.o(.text.Board_RelayAllOff) for Board_RelayAllOff
    main.o(.text.main) refers to stm32f1xx_hal_rcc.o(.text.HAL_RCC_ClockConfig) for HAL_RCC_ClockConfig
    main.o(.text.main) refers to stm32f1xx_hal_gpio.o(.text.HAL_GPIO_WritePin) for HAL_GPIO_WritePin
    main.o(.text.main) refers to stm32f1xx_hal_gpio.o(.text.HAL_GPIO_Init) for HAL_GPIO_Init
    main.o(.text.main) refers to main.o(.bss.huart1) for huart1
    main.o(.text.main) refers to stm32f1xx_hal_uart.o(.text.HAL_UART_Init) for HAL_UART_Init
    main.o(.text.main) refers to stm32f1xx_hal_cortex.o(.text.HAL_NVIC_SetPriority) for HAL_NVIC_SetPriority
    main.o(.text.main) refers to stm32f1xx_hal_cortex.o(.text.HAL_NVIC_EnableIRQ) for HAL_NVIC_EnableIRQ
    main.o(.text.main) refers to app_main.o(.text.App_Init) for App_Init
    main.o(.text.main) refers to app_main.o(.text.App_Loop) for App_Loop
    main.o(.ARM.exidx.text.main) refers to main.o(.text.main) for [Anonymous Symbol]
    main.o(.text.SystemClock_Config) refers to rt_memclr_w.o(.text) for __aeabi_memclr4
    main.o(.text.SystemClock_Config) refers to stm32f1xx_hal_rcc.o(.text.HAL_RCC_OscConfig) for HAL_RCC_OscConfig
    main.o(.text.SystemClock_Config) refers to board_gpio.o(.text.Board_RelayAllOff) for Board_RelayAllOff
    main.o(.text.SystemClock_Config) refers to stm32f1xx_hal_rcc.o(.text.HAL_RCC_ClockConfig) for HAL_RCC_ClockConfig
    main.o(.ARM.exidx.text.SystemClock_Config) refers to main.o(.text.SystemClock_Config) for [Anonymous Symbol]
    main.o(.text.Error_Handler) refers to board_gpio.o(.text.Board_RelayAllOff) for Board_RelayAllOff
    main.o(.ARM.exidx.text.Error_Handler) refers to main.o(.text.Error_Handler) for [Anonymous Symbol]
    main.o(.text.HAL_UART_RxCpltCallback) refers to uart_proto.o(.text.UART_Proto_RxCpltCallback) for UART_Proto_RxCpltCallback
    main.o(.ARM.exidx.text.HAL_UART_RxCpltCallback) refers to main.o(.text.HAL_UART_RxCpltCallback) for [Anonymous Symbol]
    main.o(.text.HAL_UART_ErrorCallback) refers to uart_proto.o(.text.UART_Proto_ErrorCallback) for UART_Proto_ErrorCallback
    main.o(.ARM.exidx.text.HAL_UART_ErrorCallback) refers to main.o(.text.HAL_UART_ErrorCallback) for [Anonymous Symbol]
    stm32f1xx_it.o(.ARM.exidx.text.NMI_Handler) refers to stm32f1xx_it.o(.text.NMI_Handler) for [Anonymous Symbol]
    stm32f1xx_it.o(.ARM.exidx.text.HardFault_Handler) refers to stm32f1xx_it.o(.text.HardFault_Handler) for [Anonymous Symbol]
[...]
    [Anonymous Symbol]                       0x080030bc   Section        0  main.o(.text.HAL_UART_ErrorCallback)
    [Anonymous Symbol]                       0x080030c0   Section        0  stm32f1xx_hal_uart.o(.text.HAL_UART_IRQHandler)
    [Anonymous Symbol]                       0x08003630   Section        0  stm32f1xx_hal_uart.o(.text.HAL_UART_Init)
    [Anonymous Symbol]                       0x08003714   Section        0  stm32f1xx_hal_msp.o(.text.HAL_UART_MspInit)
    [Anonymous Symbol]                       0x08003794   Section        0  stm32f1xx_hal_uart.o(.text.HAL_UART_Receive_IT)
    [Anonymous Symbol]                       0x080037e8   Section        0  main.o(.text.HAL_UART_RxCpltCallback)
    [Anonymous Symbol]                       0x080037ec   Section        0  stm32f1xx_hal_uart.o(.text.HAL_UART_Transmit)
    [Anonymous Symbol]                       0x08003980   Section        0  stm32f1xx_hal_uart.o(.text.HAL_UART_TxCpltCallback)
    [Anonymous Symbol]                       0x08003984   Section        0  stm32f1xx_it.o(.text.HardFault_Handler)
    [Anonymous Symbol]                       0x08003988   Section        0  input_filter.o(.text.InputFilter_Init)
    [Anonymous Symbol]                       0x0800399c   Section        0  input_filter.o(.text.InputFilter_IsActive)
    [Anonymous Symbol]                       0x080039a8   Section        0  input_filter.o(.text.InputFilter_Update)
    [Anonymous Symbol]                       0x080039e4   Section        0  stm32f1xx_it.o(.text.MemManage_Handler)
    [Anonymous Symbol]                       0x080039e8   Section        0  stm32f1xx_it.o(.text.NMI_Handler)
    [Anonymous Symbol]                       0x080039ec   Section        0  stm32f1xx_it.o(.text.PendSV_Handler)
    [Anonymous Symbol]                       0x080039f0   Section        0  stm32f1xx_it.o(.text.SVC_Handler)
    [Anonymous Symbol]                       0x080039f4   Section        0  stm32f1xx_it.o(.text.SysTick_Handler)
    [Anonymous Symbol]                       0x080039f8   Section        0  system_stm32f1xx.o(.text.SystemInit)
    UART_DMAAbortOnError                     0x080039fd   Thumb Code    12  stm32f1xx_hal_uart.o(.text.UART_DMAAbortOnError)
    [Anonymous Symbol]                       0x080039fc   Section        0  stm32f1xx_hal_uart.o(.text.UART_DMAAbortOnError)
    [Anonymous Symbol]                       0x08003a08   Section        0  uart_proto.o(.text.UART_Proto_ErrorCallback)
    [Anonymous Symbol]                       0x08003a30   Section        0  uart_proto.o(.text.UART_Proto_Init)
    [Anonymous Symbol]                       0x08003a54   Section        0  uart_proto.o(.text.UART_Proto_Poll)
    [Anonymous Symbol]                       0x080044f8   Section        0  uart_proto.o(.text.UART_Proto_RxCpltCallback)
    [Anonymous Symbol]                       0x08004558   Section        0  uart_proto.o(.text.UART_Proto_StartReceiveIT)
    UART_Receive_IT                          0x08004571   Thumb Code   254  stm32f1xx_hal_uart.o(.text.UART_Receive_IT)
    [Anonymous Symbol]                       0x08004570   Section        0  stm32f1xx_hal_uart.o(.text.UART_Receive_IT)
    [Anonymous Symbol]                       0x08004670   Section        0  uart_proto.o(.text.UART_SendAckResetEstop)
    [Anonymous Symbol]                       0x0800467c   Section        0  uart_proto.o(.text.UART_SendAckStart)
    [Anonymous Symbol]                       0x08004698   Section        0  uart_proto.o(.text.UART_SendAckStop)
    [Anonymous Symbol]                       0x080046b4   Section        0  uart_proto.o(.text.UART_SendAckStopSide)
    [Anonymous Symbol]                       0x080046ec   Section        0  uart_proto.o(.text.UART_SendEventBumper)
    [Anonymous Symbol]                       0x08004710   Section        0  uart_proto.o(.text.UART_SendNack)
    [Anonymous Symbol]                       0x08004738   Section        0  uart_proto.o(.text.UART_SendTelemetry)
    [Anonymous Symbol]                       0x08004844   Section        0  stm32f1xx_it.o(.text.USART1_IRQHandler)
    [Anonymous Symbol]                       0x08004850   Section        0  stm32f1xx_it.o(.text.UsageFault_Handler)
    [Anonymous Symbol]                       0x08004854   Section        0  main.o(.text.main)
    uart_send_frame                          0x080049f5   Thumb Code    68  uart_proto.o(.text.uart_send_frame)
    [Anonymous Symbol]                       0x080049f4   Section        0  uart_proto.o(.text.uart_send_frame)
    CL$$btod_d2e                             0x08004a38   Section       62  btod.o(CL$$btod_d2e)
    CL$$btod_d2e_denorm_low                  0x08004a76   Section       70  btod.o(CL$$btod_d2e_denorm_low)
    CL$$btod_d2e_norm_op1                    0x08004abc   Section       96  btod.o(CL$$btod_d2e_norm_op1)
    CL$$btod_div_common                      0x08004b1c   Section      824  btod.o(CL$$btod_div_common)
    CL$$btod_e2e                             0x08004e54   Section      220  btod.o(CL$$btod_e2e)
    CL$$btod_ediv                            0x08004f30   Section       42  btod.o(CL$$btod_ediv)
    CL$$btod_emul                            0x08004f5a   Section       42  btod.o(CL$$btod_emul)
    CL$$btod_mult_common                     0x08004f84   Section      580  btod.o(CL$$btod_mult_common)
    i.__ARM_fpclassify                       0x080051c8   Section        0  fpclassify.o(i.__ARM_fpclassify)
    i._is_digit                              0x080051f0   Section        0  __printf_wp.o(i._is_digit)
    locale$$code                             0x08005200   Section       44  lc_ctype_c.o(locale$$code)
    locale$$code                             0x0800522c   Section       44  lc_numeric_c.o(locale$$code)
    x$fpl$printf1                            0x08005258   Section        4  printf1.o(x$fpl$printf1)
    x$fpl$printf2                            0x0800525c   Section        4  printf2.o(x$fpl$printf2)
    maptable                                 0x08005260   Data          17  __printf_flags_ss_wp.o(.constdata)
    .constdata                               0x08005260   Section       17  __printf_flags_ss_wp.o(.constdata)
    x$fpl$usenofp                            0x08005260   Section        0  usenofp.o(x$fpl$usenofp)
    initial_mbstate                          0x08005274   Data           8  _printf_wctomb.o(.constdata)
    .constdata                               0x08005274   Section        8  _printf_wctomb.o(.constdata)
    uc_hextab                                0x0800527c   Data          20  _printf_hex_int_ll_ptr.o(.constdata)
    .constdata                               0x0800527c   Section       40  _printf_hex_int_ll_ptr.o(.constdata)
    lc_hextab                                0x08005290   Data          20  _printf_hex_int_ll_ptr.o(.constdata)
    lc_hextab                                0x080052a4   Data          19  _printf_fp_hex.o(.constdata)
    .constdata                               0x080052a4   Section       38  _printf_fp_hex.o(.constdata)
    uc_hextab                                0x080052b7   Data          19  _printf_fp_hex.o(.constdata)
    tenpwrs_x                                0x080052cc   Data          60  bigflt0.o(.constdata)
    .constdata                               0x080052cc   Section      148  bigflt0.o(.constdata)
    tenpwrs_i                                0x08005308   Data          64  bigflt0.o(.constdata)
    HAL_RCC_GetSysClockFreq.aPredivFactorTable 0x08005378   Data           2  stm32f1xx_hal_rcc.o(.rodata.HAL_RCC_GetSysClockFreq.aPredivFactorTable)
    [Anonymous Symbol]                       0x08005378   Section        0  stm32f1xx_hal_rcc.o(.rodata.HAL_RCC_GetSysClockFreq.aPredivFactorTable)
    HAL_RCC_GetSysClockFreq.aPLLMULFactorTable 0x0800537a   Data          16  stm32f1xx_hal_rcc.o(.rodata.cst16)
    [Anonymous Symbol]                       0x0800537a   Section        0  stm32f1xx_hal_rcc.o(.rodata.cst16)
    .L.str.2                                 0x0800538a   Data          10  app_main.o(.rodata.str1.1)
    [Anonymous Symbol]                       0x0800538a   Section        0  app_main.o(.rodata.str1.1)
    .L.str                                   0x08005394   Data           6  app_main.o(.rodata.str1.1)
    .L.str.22                                0x08005394   Data           6  app_main.o(.rodata.str1.1)
    .L.str.7                                 0x0800539a   Data          23  uart_proto.o(.rodata.str1.1)
    [Anonymous Symbol]                       0x0800539a   Section        0  uart_proto.o(.rodata.str1.1)
    .L.str.2                                 0x080053b1   Data          31  uart_proto.o(.rodata.str1.1)
    .L.str.9                                 0x080053d0   Data          18  uart_proto.o(.rodata.str1.1)
    .L.str.8                                 0x080053e2   Data          21  uart_proto.o(.rodata.str1.1)
    .L.str.3                                 0x080053f7   Data          12  uart_proto.o(.rodata.str1.1)
    .L.str.29                                0x08005403   Data           8  uart_proto.o(.rodata.str1.1)
    .L.str.23                                0x0800540b   Data           7  uart_proto.o(.rodata.str1.1)
    .L.str.10                                0x08005412   Data           5  uart_proto.o(.rodata.str1.1)
    .L.str.19                                0x08005417   Data          14  uart_proto.o(.rodata.str1.1)
    .L.str.31                                0x08005425   Data          10  uart_proto.o(.rodata.str1.1)
    .L.str.32                                0x0800542f   Data           3  uart_proto.o(.rodata.str1.1)
    .L.str.30                                0x08005432   Data           9  uart_proto.o(.rodata.str1.1)
    .L.str.20                                0x0800543b   Data          12  uart_proto.o(.rodata.str1.1)
    .L.str.28                                0x08005441   Data           6  uart_proto.o(.rodata.str1.1)
    .L.str.24                                0x08005442   Data           5  uart_proto.o(.rodata.str1.1)
    .L.str.17                                0x08005447   Data           7  uart_proto.o(.rodata.str1.1)
    .L.str.33                                0x0800544e   Data           5  uart_proto.o(.rodata.str1.1)
    .L.str.34                                0x08005453   Data           6  uart_proto.o(.rodata.str1.1)
    .L.str.27                                0x08005459   Data           5  uart_proto.o(.rodata.str1.1)
    locale$$data                             0x08005480   Section      272  lc_ctype_c.o(locale$$data)
    __lcctype_c_name                         0x08005484   Data           2  lc_ctype_c.o(locale$$data)
    __lcctype_c_start                        0x0800548c   Data           0  lc_ctype_c.o(locale$$data)
    __lcctype_c_end                          0x08005590   Data           0  lc_ctype_c.o(locale$$data)
    locale$$data                             0x08005590   Section       28  lc_numeric_c.o(locale$$data)
    __lcnum_c_name                           0x08005594   Data           2  lc_numeric_c.o(locale$$data)
    __lcnum_c_start                          0x0800559c   Data           0  lc_numeric_c.o(locale$$data)
    __lcnum_c_point                          0x080055a8   Data           0  lc_numeric_c.o(locale$$data)
    __lcnum_c_thousands                      0x080055aa   Data           0  lc_numeric_c.o(locale$$data)
    __lcnum_c_grouping                       0x080055ab   Data           0  lc_numeric_c.o(locale$$data)
    __lcnum_c_end                            0x080055ac   Data           0  lc_numeric_c.o(locale$$data)
    .L_MergedGlobals                         0x20000000   Data           8  stm32f1xx_hal.o(.data..L_MergedGlobals)
    [Anonymous Symbol]                       0x20000000   Section        0  stm32f1xx_hal.o(.data..L_MergedGlobals)
    .bss                                     0x20000010   Section       96  libspace.o(.bss)
    .L_MergedGlobals                         0x20000070   Data          80  app_main.o(.bss..L_MergedGlobals)
    s_telem_tick                             0x20000070   Data           4  app_main.o(.bss..L_MergedGlobals)
    [Anonymous Symbol]                       0x20000070   Section        0  app_main.o(.bss..L_MergedGlobals)
    s_emer_audio_tick                        0x20000074   Data           4  app_main.o(.bss..L_MergedGlobals)
    s_f_emer                                 0x20000078   Data          12  app_main.o(.bss..L_MergedGlobals)
    s_f_stop                                 0x20000084   Data          12  app_main.o(.bss..L_MergedGlobals)
    s_f_start                                0x20000090   Data          12  app_main.o(.bss..L_MergedGlobals)
    s_f_reset                                0x2000009c   Data          12  app_main.o(.bss..L_MergedGlobals)
    s_f_b1                                   0x200000a8   Data          12  app_main.o(.bss..L_MergedGlobals)
    s_f_b2                                   0x200000b4   Data          12  app_main.o(.bss..L_MergedGlobals)
    .L_MergedGlobals                         0x200000c0   Data           8  audio_board.o(.bss..L_MergedGlobals)
    s_audio_busy                             0x200000c0   Data           1  audio_board.o(.bss..L_MergedGlobals)
    [Anonymous Symbol]                       0x200000c0   Section        0  audio_board.o(.bss..L_MergedGlobals)
    s_audio_tick                             0x200000c4   Data           4  audio_board.o(.bss..L_MergedGlobals)
    .L_MergedGlobals                         0x200000c8   Data          92  belt_fsm.o(.bss..L_MergedGlobals)
    s_evt_tail                               0x200000c8   Data           1  belt_fsm.o(.bss..L_MergedGlobals)
    [Anonymous Symbol]                       0x200000c8   Section        0  belt_fsm.o(.bss..L_MergedGlobals)
    s_evt_head                               0x200000c9   Data           1  belt_fsm.o(.bss..L_MergedGlobals)
    s_state                                  0x200000ca   Data           1  belt_fsm.o(.bss..L_MergedGlobals)
    s_estop_source                           0x200000cb   Data           1  belt_fsm.o(.bss..L_MergedGlobals)
    s_stop_locked                            0x200000cc   Data           1  belt_fsm.o(.bss..L_MergedGlobals)
    s_evt_q                                  0x200000cd   Data          24  belt_fsm.o(.bss..L_MergedGlobals)
    s_belt                                   0x200000e8   Data          60  belt_fsm.o(.bss..L_MergedGlobals)
    .L_MergedGlobals                         0x20000124   Data         108  uart_proto.o(.bss..L_MergedGlobals)
    s_rx_overflow                            0x20000124   Data           1  uart_proto.o(.bss..L_MergedGlobals)
    [Anonymous Symbol]                       0x20000124   Section        0  uart_proto.o(.bss..L_MergedGlobals)
    s_uart_rx_byte                           0x20000125   Data           1  uart_proto.o(.bss..L_MergedGlobals)
    s_line_len                               0x20000126   Data           2  uart_proto.o(.bss..L_MergedGlobals)
    s_rx_head                                0x20000128   Data           2  uart_proto.o(.bss..L_MergedGlobals)
    s_rx_tail                                0x2000012a   Data           2  uart_proto.o(.bss..L_MergedGlobals)
    s_huart                                  0x2000012c   Data           4  uart_proto.o(.bss..L_MergedGlobals)
    s_line_buf                               0x20000130   Data          96  uart_proto.o(.bss..L_MergedGlobals)
    s_rx_ring                                0x200001d8   Data         128  uart_proto.o(.bss.s_rx_ring)
    [Anonymous Symbol]                       0x200001d8   Section        0  uart_proto.o(.bss.s_rx_ring)
    s_sensor_filter                          0x20000258   Data          48  board_gpio.o(.bss.s_sensor_filter)
    [Anonymous Symbol]                       0x20000258   Section        0  board_gpio.o(.bss.s_sensor_filter)
    Heap_Mem                                 0x20000290   Data         512  startup_stm32f103xb.o(HEAP)
    HEAP                                     0x20000290   Section      512  startup_stm32f103xb.o(HEAP)
    Stack_Mem                                0x20000490   Data        1024  startup_stm32f103xb.o(STACK)
    STACK                                    0x20000490   Section     1024  startup_stm32f103xb.o(STACK)
    __initial_sp                             0x20000890   Data           0  startup_stm32f103xb.o(STACK)

    Global Symbols

    Symbol Name                              Value     Ov Type        Size  Object(Section)

    BuildAttributes$$THM_ISAv4$P$D$K$B$S$PE$A:L22UL41UL21$X:L11$S22US41US21$IEEE1$IW$~IW$USESV6$~STKCKD$USESV7$~SHL$OTIME$ROPI$IEEEJ$EBA8$UX$STANDARDLIB$REQ8$PRES8$EABIv2 0x00000000   Number         0  anon$$obj.o ABSOLUTE
    __fp_init_empty                          0x00000000   Number         0  fpinit_empty.o ABSOLUTE
    _printf_flags                            0x00000000   Number         0  printf_stubs.o ABSOLUTE
    _printf_return_value                     0x00000000   Number         0  printf_stubs.o ABSOLUTE
    _printf_sizespec                         0x00000000   Number         0  printf_stubs.o ABSOLUTE
    _printf_widthprec                        0x00000000   Number         0  printf_stubs.o ABSOLUTE
    __ARM_exceptions_init                     - Undefined Weak Reference
    __alloca_initialize                       - Undefined Weak Reference
    __arm_preinit_                            - Undefined Weak Reference
    __arm_relocate_pie_                       - Undefined Weak Reference
    __cpp_initialize__aeabi_                  - Undefined Weak Reference
    __cxa_finalize                            - Undefined Weak Reference
    __sigvec_lookup                           - Undefined Weak Reference
    _atexit_init                              - Undefined Weak Reference
    _call_atexit_fns                          - Undefined Weak Reference
    _clock_init                               - Undefined Weak Reference
    _fp_trap_init                             - Undefined Weak Reference
    _fp_trap_shutdown                         - Undefined Weak Reference
    _get_lc_collate                           - Undefined Weak Reference
    _get_lc_monetary                          - Undefined Weak Reference
    _get_lc_time                              - Undefined Weak Reference
    _getenv_init                              - Undefined Weak Reference
    _handle_redirection                       - Undefined Weak Reference
    _init_alloc                               - Undefined Weak Reference
    _init_user_alloc                          - Undefined Weak Reference
    _initio                                   - Undefined Weak Reference
    _printf_mbtowc                            - Undefined Weak Reference
    _printf_wc                                - Undefined Weak Reference
    _rand_init                                - Undefined Weak Reference
    _signal_finish                            - Undefined Weak Reference
    _signal_init                              - Undefined Weak Reference
    _terminate_alloc                          - Undefined Weak Reference
    _terminate_user_alloc                     - Undefined Weak Reference
    _terminateio                              - Undefined Weak Reference
    __Vectors_Size                           0x000000ec   Number         0  startup_stm32f103xb.o ABSOLUTE
    __Vectors                                0x08000000   Data           4  startup_stm32f103xb.o(RESET)
    __Vectors_End                            0x080000ec   Data           0  startup_stm32f103xb.o(RESET)
    __main                                   0x080000ed   Thumb Code     8  __main.o(!!!main)
    __scatterload                            0x080000f5   Thumb Code     0  __scatter.o(!!!scatter)
    __scatterload_rt2                        0x080000f5   Thumb Code    84  __scatter.o(!!!scatter)
    __scatterload_rt2_thumb_only             0x080000f5   Thumb Code     0  __scatter.o(!!!scatter)
    __scatterload_loop                       0x080000ff   Thumb Code     0  __scatter.o(!!!scatter)
    __scatterload_copy                       0x08000151   Thumb Code    26  __scatter_copy.o(!!handler_copy)
    __scatterload_null                       0x0800016d   Thumb Code     2  __scatter.o(!!handler_null)
    __scatterload_zeroinit                   0x08000171   Thumb Code    28  __scatter_zi.o(!!handler_zi)
    _printf_n                                0x0800018d   Thumb Code     0  _printf_n.o(.ARM.Collect$$_printf_percent$$00000001)
    _printf_percent                          0x0800018d   Thumb Code     0  _printf_percent.o(.ARM.Collect$$_printf_percent$$00000000)
    _printf_p                                0x08000193   Thumb Code     0  _printf_p.o(.ARM.Collect$$_printf_percent$$00000002)
    _printf_f                                0x08000199   Thumb Code     0  _printf_f.o(.ARM.Collect$$_printf_percent$$00000003)
    _printf_e                                0x0800019f   Thumb Code     0  _printf_e.o(.ARM.Collect$$_printf_percent$$00000004)
    _printf_g                                0x080001a5   Thumb Code     0  _printf_g.o(.ARM.Collect$$_printf_percent$$00000005)
    _printf_a                                0x080001ab   Thumb Code     0  _printf_a.o(.ARM.Collect$$_printf_percent$$00000006)
    _printf_ll                               0x080001b1   Thumb Code     0  _printf_ll.o(.ARM.Collect$$_printf_percent$$00000007)
    _printf_i                                0x080001bb   Thumb Code     0  _printf_i.o(.ARM.Collect$$_printf_percent$$00000008)
    _printf_d                                0x080001c1   Thumb Code     0  _printf_d.o(.ARM.Collect$$_printf_percent$$00000009)
    _printf_u                                0x080001c7   Thumb Code     0  _printf_u.o(.ARM.Collect$$_printf_percent$$0000000A)
    _printf_o                                0x080001cd   Thumb Code     0  _printf_o.o(.ARM.Collect$$_printf_percent$$0000000B)
    _printf_x                                0x080001d3   Thumb Code     0  _printf_x.o(.ARM.Collect$$_printf_percent$$0000000C)
    _printf_lli                              0x080001d9   Thumb Code     0  _printf_lli.o(.ARM.Collect$$_printf_percent$$0000000D)
    _printf_lld                              0x080001df   Thumb Code     0  _printf_lld.o(.ARM.Collect$$_printf_percent$$0000000E)
    _printf_llu                              0x080001e5   Thumb Code     0  _printf_llu.o(.ARM.Collect$$_printf_percent$$0000000F)
    _printf_llo                              0x080001eb   Thumb Code     0  _printf_llo.o(.ARM.Collect$$_printf_percent$$00000010)
    _printf_llx                              0x080001f1   Thumb Code     0  _printf_llx.o(.ARM.Collect$$_printf_percent$$00000011)
    _printf_l                                0x080001f7   Thumb Code     0  _printf_l.o(.ARM.Collect$$_printf_percent$$00000012)
    _printf_c                                0x08000201   Thumb Code     0  _printf_c.o(.ARM.Collect$$_printf_percent$$00000013)
    _printf_s                                0x08000207   Thumb Code     0  _printf_s.o(.ARM.Collect$$_printf_percent$$00000014)
    _printf_lc                               0x0800020d   Thumb Code     0  _printf_lc.o(.ARM.Collect$$_printf_percent$$00000015)
    _printf_ls                               0x08000213   Thumb Code     0  _printf_ls.o(.ARM.Collect$$_printf_percent$$00000016)
    _printf_percent_end                      0x08000219   Thumb Code     0  _printf_percent_end.o(.ARM.Collect$$_printf_percent$$00000017)
    __rt_lib_init                            0x0800021d   Thumb Code     0  libinit.o(.ARM.Collect$$libinit$$00000000)
    __rt_lib_init_fp_1                       0x0800021f   Thumb Code     0  libinit2.o(.ARM.Collect$$libinit$$00000002)
    __rt_lib_init_heap_1                     0x0800021f   Thumb Code     0  libinit2.o(.ARM.Collect$$libinit$$0000000C)
    __rt_lib_init_lc_common                  0x0800021f   Thumb Code     0  libinit2.o(.ARM.Collect$$libinit$$00000011)
    __rt_lib_init_preinit_1                  0x0800021f   Thumb Code     0  libinit2.o(.ARM.Collect$$libinit$$00000006)
    __rt_lib_init_rand_1                     0x0800021f   Thumb Code     0  libinit2.o(.ARM.Collect$$libinit$$00000010)
    __rt_lib_init_relocate_pie_1             0x0800021f   Thumb Code     0  libinit2.o(.ARM.Collect$$libinit$$00000004)
    __rt_lib_init_user_alloc_1               0x0800021f   Thumb Code     0  libinit2.o(.ARM.Collect$$libinit$$0000000E)
    __rt_lib_init_lc_collate_1               0x08000225   Thumb Code     0  libinit2.o(.ARM.Collect$$libinit$$00000013)
    __rt_lib_init_lc_ctype_2                 0x08000225   Thumb Code     0  libinit2.o(.ARM.Collect$$libinit$$00000014)
    __rt_lib_init_lc_ctype_1                 0x08000231   Thumb Code     0  libinit2.o(.ARM.Collect$$libinit$$00000015)
    __rt_lib_init_lc_monetary_1              0x08000231   Thumb Code     0  libinit2.o(.ARM.Collect$$libinit$$00000017)
    __rt_lib_init_lc_numeric_2               0x08000231   Thumb Code     0  libinit2.o(.ARM.Collect$$libinit$$00000018)
    __rt_lib_init_alloca_1                   0x0800023b   Thumb Code     0  libinit2.o(.ARM.Collect$$libinit$$00000030)
    __rt_lib_init_argv_1                     0x0800023b   Thumb Code     0  libinit2.o(.ARM.Collect$$libinit$$0000002E)
    __rt_lib_init_atexit_1                   0x0800023b   Thumb Code     0  libinit2.o(.ARM.Collect$$libinit$$0000001D)
    __rt_lib_init_clock_1                    0x0800023b   Thumb Code     0  libinit2.o(.ARM.Collect$$libinit$$00000023)
    __rt_lib_init_cpp_1                      0x0800023b   Thumb Code     0  libinit2.o(.ARM.Collect$$libinit$$00000034)
    __rt_lib_init_exceptions_1               0x0800023b   Thumb Code     0  libinit2.o(.ARM.Collect$$libinit$$00000032)
    __rt_lib_init_fp_trap_1                  0x0800023b   Thumb Code     0  libinit2.o(.ARM.Collect$$libinit$$00000021)
    __rt_lib_init_getenv_1                   0x0800023b   Thumb Code     0  libinit2.o(.ARM.Collect$$libinit$$00000025)
    __rt_lib_init_lc_numeric_1               0x0800023b   Thumb Code     0  libinit2.o(.ARM.Collect$$libinit$$00000019)
    __rt_lib_init_lc_time_1                  0x0800023b   Thumb Code     0  libinit2.o(.ARM.Collect$$libinit$$0000001B)
    __rt_lib_init_return                     0x0800023b   Thumb Code     0  libinit2.o(.ARM.Collect$$libinit$$00000035)
    __rt_lib_init_signal_1                   0x0800023b   Thumb Code     0  libinit2.o(.ARM.Collect$$libinit$$0000001F)
    __rt_lib_init_stdio_1                    0x0800023b   Thumb Code     0  libinit2.o(.ARM.Collect$$libinit$$00000027)
    __rt_lib_shutdown                        0x0800023d   Thumb Code     0  libshutdown.o(.ARM.Collect$$libshutdown$$00000000)
    __rt_lib_shutdown_cpp_1                  0x0800023f   Thumb Code     0  libshutdown2.o(.ARM.Collect$$libshutdown$$00000002)
    __rt_lib_shutdown_fp_trap_1              0x0800023f   Thumb Code     0  libshutdown2.o(.ARM.Collect$$libshutdown$$00000007)
    __rt_lib_shutdown_heap_1                 0x0800023f   Thumb Code     0  libshutdown2.o(.ARM.Collect$$libshutdown$$0000000F)
    __rt_lib_shutdown_return                 0x0800023f   Thumb Code     0  libshutdown2.o(.ARM.Collect$$libshutdown$$00000010)
    __rt_lib_shutdown_signal_1               0x0800023f   Thumb Code     0  libshutdown2.o(.ARM.Collect$$libshutdown$$0000000A)
    __rt_lib_shutdown_stdio_1                0x0800023f   Thumb Code     0  libshutdown2.o(.ARM.Collect$$libshutdown$$00000004)
    __rt_lib_shutdown_user_alloc_1           0x0800023f   Thumb Code     0  libshutdown2.o(.ARM.Collect$$libshutdown$$0000000C)
    __rt_entry                               0x08000241   Thumb Code     0  __rtentry.o(.ARM.Collect$$rtentry$$00000000)
    __rt_entry_presh_1                       0x08000241   Thumb Code     0  __rtentry2.o(.ARM.Collect$$rtentry$$00000002)
    __rt_entry_sh                            0x08000241   Thumb Code     0  __rtentry4.o(.ARM.Collect$$rtentry$$00000004)
    __rt_entry_li                            0x08000247   Thumb Code     0  __rtentry2.o(.ARM.Collect$$rtentry$$0000000A)
    __rt_entry_postsh_1                      0x08000247   Thumb Code     0  __rtentry2.o(.ARM.Collect$$rtentry$$00000009)
    __rt_entry_main                          0x0800024b   Thumb Code     0  __rtentry2.o(.ARM.Collect$$rtentry$$0000000D)
    __rt_entry_postli_1                      0x0800024b   Thumb Code     0  __rtentry2.o(.ARM.Collect$$rtentry$$0000000C)
    __rt_exit                                0x08000253   Thumb Code     0  rtexit.o(.ARM.Collect$$rtexit$$00000000)
    __rt_exit_ls                             0x08000255   Thumb Code     0  rtexit2.o(.ARM.Collect$$rtexit$$00000003)
    __rt_exit_prels_1                        0x08000255   Thumb Code     0  rtexit2.o(.ARM.Collect$$rtexit$$00000002)
    __rt_exit_exit                           0x08000259   Thumb Code     0  rtexit2.o(.ARM.Collect$$rtexit$$00000004)
    Reset_Handler                            0x08000261   Thumb Code     8  startup_stm32f103xb.o(.text)
    ADC1_2_IRQHandler                        0x0800027b   Thumb Code     0  startup_stm32f103xb.o(.text)
    CAN1_RX1_IRQHandler                      0x0800027b   Thumb Code     0  startup_stm32f103xb.o(.text)
    CAN1_SCE_IRQHandler                      0x0800027b   Thumb Code     0  startup_stm32f103xb.o(.text)
    DMA1_Channel1_IRQHandler                 0x0800027b   Thumb Code     0  startup_stm32f103xb.o(.text)
    DMA1_Channel2_IRQHandler                 0x0800027b   Thumb Code     0  startup_stm32f103xb.o(.text)
    DMA1_Channel3_IRQHandler                 0x0800027b   Thumb Code     0  startup_stm32f103xb.o(.text)
    DMA1_Channel4_IRQHandler                 0x0800027b   Thumb Code     0  startup_stm32f103xb.o(.text)
    DMA1_Channel5_IRQHandler                 0x0800027b   Thumb Code     0  startup_stm32f103xb.o(.text)
    DMA1_Channel6_IRQHandler                 0x0800027b   Thumb Code     0  startup_stm32f103xb.o(.text)
    DMA1_Channel7_IRQHandler                 0x0800027b   Thumb Code     0  startup_stm32f103xb.o(.text)
    EXTI0_IRQHandler                         0x0800027b   Thumb Code     0  startup_stm32f103xb.o(.text)
    EXTI15_10_IRQHandler                     0x0800027b   Thumb Code     0  startup_stm32f103xb.o(.text)
    EXTI1_IRQHandler                         0x0800027b   Thumb Code     0  startup_stm32f103xb.o(.text)
    EXTI2_IRQHandler                         0x0800027b   Thumb Code     0  startup_stm32f103xb.o(.text)
    EXTI3_IRQHandler                         0x0800027b   Thumb Code     0  startup_stm32f103xb.o(.text)
    EXTI4_IRQHandler                         0x0800027b   Thumb Code     0  startup_stm32f103xb.o(.text)
    EXTI9_5_IRQHandler                       0x0800027b   Thumb Code     0  startup_stm32f103xb.o(.text)
    FLASH_IRQHandler                         0x0800027b   Thumb Code     0  startup_stm32f103xb.o(.text)
    I2C1_ER_IRQHandler                       0x0800027b   Thumb Code     0  startup_stm32f103xb.o(.text)
    I2C1_EV_IRQHandler                       0x0800027b   Thumb Code     0  startup_stm32f103xb.o(.text)
    I2C2_ER_IRQHandler                       0x0800027b   Thumb Code     0  startup_stm32f103xb.o(.text)
    I2C2_EV_IRQHandler                       0x0800027b   Thumb Code     0  startup_stm32f103xb.o(.text)
    PVD_IRQHandler                           0x0800027b   Thumb Code     0  startup_stm32f103xb.o(.text)
    RCC_IRQHandler                           0x0800027b   Thumb Code     0  startup_stm32f103xb.o(.text)
    RTC_Alarm_IRQHandler                     0x0800027b   Thumb Code     0  startup_stm32f103xb.o(.text)
    RTC_IRQHandler                           0x0800027b   Thumb Code     0  startup_stm32f103xb.o(.text)
    SPI1_IRQHandler                          0x0800027b   Thumb Code     0  startup_stm32f103xb.o(.text)
    SPI2_IRQHandler                          0x0800027b   Thumb Code     0  startup_stm32f103xb.o(.text)
    TAMPER_IRQHandler                        0x0800027b   Thumb Code     0  startup_stm32f103xb.o(.text)
    TIM1_BRK_IRQHandler                      0x0800027b   Thumb Code     0  startup_stm32f103xb.o(.text)
    TIM1_CC_IRQHandler                       0x0800027b   Thumb Code     0  startup_stm32f103xb.o(.text)
    TIM1_TRG_COM_IRQHandler                  0x0800027b   Thumb Code     0  startup_stm32f103xb.o(.text)
    TIM1_UP_IRQHandler                       0x0800027b   Thumb Code     0  startup_stm32f103xb.o(.text)
    TIM2_IRQHandler                          0x0800027b   Thumb Code     0  startup_stm32f103xb.o(.text)
    TIM3_IRQHandler                          0x0800027b   Thumb Code     0  startup_stm32f103xb.o(.text)
    TIM4_IRQHandler                          0x0800027b   Thumb Code     0  startup_stm32f103xb.o(.text)
    USART2_IRQHandler                        0x0800027b   Thumb Code     0  startup_stm32f103xb.o(.text)
    USART3_IRQHandler                        0x0800027b   Thumb Code     0  startup_stm32f103xb.o(.text)
    USBWakeUp_IRQHandler                     0x0800027b   Thumb Code     0  startup_stm32f103xb.o(.text)
    USB_HP_CAN1_TX_IRQHandler                0x0800027b   Thumb Code     0  startup_stm32f103xb.o(.text)
    USB_LP_CAN1_RX0_IRQHandler               0x0800027b   Thumb Code     0  startup_stm32f103xb.o(.text)
    WWDG_IRQHandler                          0x0800027b   Thumb Code     0  startup_stm32f103xb.o(.text)
    __user_initial_stackheap                 0x0800027d   Thumb Code     0  startup_stm32f103xb.o(.text)
    vsnprintf                                0x080002a1   Thumb Code    56  vsnprintf.o(.text)
    __2snprintf                              0x080002dd   Thumb Code    58  __2snprintf.o(.text)
    _printf_int_dec                          0x0800031d   Thumb Code   104  _printf_dec.o(.text)
    __printf                                 0x08000395   Thumb Code   388  __printf_flags_ss_wp.o(.text)
    strtoul                                  0x0800051d   Thumb Code   114  strtoul.o(.text)
    strlen                                   0x0800058f   Thumb Code    62  strlen.o(.text)
    __aeabi_memclr4                          0x080005cd   Thumb Code     0  rt_memclr_w.o(.text)
    __aeabi_memclr8                          0x080005cd   Thumb Code     0  rt_memclr_w.o(.text)
    __rt_memclr_w                            0x080005cd   Thumb Code     0  rt_memclr_w.o(.text)
    _memset_w                                0x080005d1   Thumb Code    74  rt_memclr_w.o(.text)
    __use_two_region_memory                  0x0800061b   Thumb Code     2  heapauxi.o(.text)
    __rt_heap_escrow$2region                 0x0800061d   Thumb Code     2  heapauxi.o(.text)
    __rt_heap_expand$2region                 0x0800061f   Thumb Code     2  heapauxi.o(.text)
    __rt_ctype_table                         0x08000621   Thumb Code    16  rt_ctype_table.o(.text)
    __aeabi_errno_addr                       0x08000631   Thumb Code     8  rt_errno_addr_intlibspace.o(.text)
    __errno$intlibspace                      0x08000631   Thumb Code     0  rt_errno_addr_intlibspace.o(.text)
    __rt_errno_addr$intlibspace              0x08000631   Thumb Code     0  rt_errno_addr_intlibspace.o(.text)
    _printf_pre_padding                      0x08000639   Thumb Code    44  _printf_pad.o(.text)
    _printf_post_padding                     0x08000665   Thumb Code    34  _printf_pad.o(.text)
    _printf_truncate_signed                  0x08000687   Thumb Code    18  _printf_truncate.o(.text)
    _printf_truncate_unsigned                0x08000699   Thumb Code    18  _printf_truncate.o(.text)
    _printf_str                              0x080006ab   Thumb Code    82  _printf_str.o(.text)
    _printf_int_common                       0x080006fd   Thumb Code   178  _printf_intcommon.o(.text)
    _printf_charcount                        0x080007af   Thumb Code    40  _printf_charcount.o(.text)
    _printf_char_common                      0x080007e3   Thumb Code    32  _printf_char_common.o(.text)
    _snputc                                  0x08000809   Thumb Code    16  _snputc.o(.text)
    _printf_wctomb                           0x08000819   Thumb Code   182  _printf_wctomb.o(.text)
    _printf_longlong_dec                     0x080008d5   Thumb Code   108  _printf_longlong_dec.o(.text)
    _printf_longlong_oct                     0x08000951   Thumb Code    68  _printf_oct_int_ll.o(.text)
    _printf_int_oct                          0x08000995   Thumb Code    24  _printf_oct_int_ll.o(.text)
    _printf_ll_oct                           0x080009ad   Thumb Code    12  _printf_oct_int_ll.o(.text)
    _printf_longlong_hex                     0x080009c1   Thumb Code    86  _printf_hex_int_ll_ptr.o(.text)
    _printf_int_hex                          0x08000a17   Thumb Code    28  _printf_hex_int_ll_ptr.o(.text)
    _printf_ll_hex                           0x08000a33   Thumb Code    12  _printf_hex_int_ll_ptr.o(.text)
    _printf_hex_ptr                          0x08000a3f   Thumb Code    18  _printf_hex_int_ll_ptr.o(.text)
    _strtoul                                 0x08000a55   Thumb Code   158  _strtoul.o(.text)
    __user_libspace                          0x08000af5   Thumb Code     8  libspace.o(.text)
    __user_perproc_libspace                  0x08000af5   Thumb Code     0  libspace.o(.text)
    __user_perthread_libspace                0x08000af5   Thumb Code     0  libspace.o(.text)
    __rt_locale                              0x08000afd   Thumb Code     8  rt_locale_intlibspace.o(.text)
    _ll_udiv10                               0x08000b05   Thumb Code   138  lludiv10.o(.text)
    _printf_fp_dec_real                      0x08000d3f   Thumb Code   620  _printf_fp_dec.o(.text)
    _printf_fp_hex_real                      0x08000fad   Thumb Code   756  _printf_fp_hex.o(.text)
    _printf_cs_common                        0x080012a9   Thumb Code    20  _printf_char.o(.text)
    _printf_char                             0x080012bd   Thumb Code    16  _printf_char.o(.text)
    _printf_string                           0x080012cd   Thumb Code     8  _printf_char.o(.text)
    _printf_lcs_common                       0x080012d5   Thumb Code    20  _printf_wchar.o(.text)
    _printf_wchar                            0x080012e9   Thumb Code    16  _printf_wchar.o(.text)
    _printf_wstring                          0x080012f9   Thumb Code     8  _printf_wchar.o(.text)
    _chval                                   0x08001301   Thumb Code    28  _chval.o(.text)
    _c16rtomb                                0x0800131d   Thumb Code    72  _c16rtomb.o(.text)
    _wcrtomb                                 0x0800131d   Thumb Code     0  _c16rtomb.o(.text)
    __user_setup_stackheap                   0x08001365   Thumb Code    74  sys_stackheap_outer.o(.text)
    _printf_fp_infnan                        0x080013b1   Thumb Code   112  _printf_fp_infnan.o(.text)
    _btod_etento                             0x08001431   Thumb Code   224  bigflt0.o(.text)
    exit                                     0x08001515   Thumb Code    18  exit.o(.text)
    strcmp                                   0x08001529   Thumb Code   128  strcmpv7m.o(.text)
    _sys_exit                                0x080015a9   Thumb Code     8  sys_exit.o(.text)
    __I$use$semihosting                      0x080015b5   Thumb Code     0  use_no_semi.o(.text)
    __use_no_semihosting_swi                 0x080015b5   Thumb Code     2  use_no_semi.o(.text)
    __semihosting_library_function           0x080015b7   Thumb Code     0  indicate_semi.o(.text)
    App_Init                                 0x080015b9   Thumb Code   168  app_main.o(.text.App_Init)
    App_Loop                                 0x08001661   Thumb Code   560  app_main.o(.text.App_Loop)
    Audio_Clear                              0x080018ad   Thumb Code    18  audio_board.o(.text.Audio_Clear)
    Audio_PlayTrack                          0x080018c1   Thumb Code   120  audio_board.o(.text.Audio_PlayTrack)
    Audio_SendHex                            0x08001955   Thumb Code    88  audio_board.o(.text.Audio_SendHex)
    Audio_Task                               0x080019ad   Thumb Code    54  audio_board.o(.text.Audio_Task)
    Belt_CmdStartLoad                        0x080019e5   Thumb Code   122  belt_fsm.o(.text.Belt_CmdStartLoad)
    Belt_CmdUnload                           0x08001a61   Thumb Code   322  belt_fsm.o(.text.Belt_CmdUnload)
    Belt_GetActiveBelt                       0x08001ba5   Thumb Code    30  belt_fsm.o(.text.Belt_GetActiveBelt)
    Belt_GetEstopSource                      0x08001bc5   Thumb Code    12  belt_fsm.o(.text.Belt_GetEstopSource)
    Belt_GetState                            0x08001bd1   Thumb Code    12  belt_fsm.o(.text.Belt_GetState)
    Belt_HasCargo                            0x08001bdd   Thumb Code    34  belt_fsm.o(.text.Belt_HasCargo)
    Belt_Init                                0x08001c01   Thumb Code    46  belt_fsm.o(.text.Belt_Init)
    Belt_OnStartButton                       0x08001c31   Thumb Code   174  belt_fsm.o(.text.Belt_OnStartButton)
    Belt_OnStopButton                        0x08001ce1   Thumb Code    52  belt_fsm.o(.text.Belt_OnStopButton)
    Belt_PopEvent                            0x08001d15   Thumb Code    54  belt_fsm.o(.text.Belt_PopEvent)
    Belt_Tick                                0x08001d4d   Thumb Code  1466  belt_fsm.o(.text.Belt_Tick)
    Belt_TriggerEstop                        0x08002309   Thumb Code    40  belt_fsm.o(.text.Belt_TriggerEstop)
    Belt_TryResetEstop                       0x08002331   Thumb Code    98  belt_fsm.o(.text.Belt_TryResetEstop)
    Board_BeltHold                           0x08002395   Thumb Code    84  board_gpio.o(.text.Board_BeltHold)
    Board_BeltRun                            0x080023e9   Thumb Code   138  board_gpio.o(.text.Board_BeltRun)
    Board_BeltStop                           0x08002475   Thumb Code   100  board_gpio.o(.text.Board_BeltStop)
    Board_RelayAllOff                        0x080024d9   Thumb Code    62  board_gpio.o(.text.Board_RelayAllOff)
    Board_S1                                 0x08002519   Thumb Code    14  board_gpio.o(.text.Board_S1)
    Board_S2                                 0x08002529   Thumb Code    16  board_gpio.o(.text.Board_S2)
    Board_S3                                 0x08002539   Thumb Code    16  board_gpio.o(.text.Board_S3)
    Board_S4                                 0x08002549   Thumb Code    16  board_gpio.o(.text.Board_S4)
    Board_SensorsInit                        0x08002559   Thumb Code    92  board_gpio.o(.text.Board_SensorsInit)
    Board_SensorsUpdate                      0x080025b5   Thumb Code   100  board_gpio.o(.text.Board_SensorsUpdate)
    BusFault_Handler                         0x08002619   Thumb Code     2  stm32f1xx_it.o(.text.BusFault_Handler)
    DebugMon_Handler                         0x0800261d   Thumb Code     2  stm32f1xx_it.o(.text.DebugMon_Handler)
    HAL_DMA_Abort                            0x08002621   Thumb Code    70  stm32f1xx_hal_dma.o(.text.HAL_DMA_Abort)
    HAL_DMA_Abort_IT                         0x08002669   Thumb Code   182  stm32f1xx_hal_dma.o(.text.HAL_DMA_Abort_IT)
    HAL_GPIO_Init                            0x08002721   Thumb Code   526  stm32f1xx_hal_gpio.o(.text.HAL_GPIO_Init)
    HAL_GPIO_ReadPin                         0x08002931   Thumb Code    10  stm32f1xx_hal_gpio.o(.text.HAL_GPIO_ReadPin)
    HAL_GPIO_WritePin                        0x0800293d   Thumb Code    10  stm32f1xx_hal_gpio.o(.text.HAL_GPIO_WritePin)
    HAL_GetTick                              0x08002949   Thumb Code    12  stm32f1xx_hal.o(.text.HAL_GetTick)
    HAL_IncTick                              0x08002955   Thumb Code    26  stm32f1xx_hal.o(.text.HAL_IncTick)
    HAL_Init                                 0x08002971   Thumb Code    38  stm32f1xx_hal.o(.text.HAL_Init)
    HAL_InitTick                             0x08002999   Thumb Code    72  stm32f1xx_hal.o(.text.HAL_InitTick)
    HAL_MspInit                              0x080029e1   Thumb Code     2  stm32f1xx_hal.o(.text.HAL_MspInit)
    HAL_NVIC_EnableIRQ                       0x080029e5   Thumb Code    34  stm32f1xx_hal_cortex.o(.text.HAL_NVIC_EnableIRQ)
    HAL_NVIC_SetPriority                     0x08002a09   Thumb Code    86  stm32f1xx_hal_cortex.o(.text.HAL_NVIC_SetPriority)
    HAL_NVIC_SetPriorityGrouping             0x08002a61   Thumb Code    32  stm32f1xx_hal_cortex.o(.text.HAL_NVIC_SetPriorityGrouping)
    HAL_RCC_ClockConfig                      0x08002a81   Thumb Code   442  stm32f1xx_hal_rcc.o(.text.HAL_RCC_ClockConfig)
    HAL_RCC_GetPCLK1Freq                     0x08002c3d   Thumb Code    38  stm32f1xx_hal_rcc.o(.text.HAL_RCC_GetPCLK1Freq)
    HAL_RCC_GetPCLK2Freq                     0x08002c65   Thumb Code    38  stm32f1xx_hal_rcc.o(.text.HAL_RCC_GetPCLK2Freq)
    HAL_RCC_OscConfig                        0x08002c8d   Thumb Code  1024  stm32f1xx_hal_rcc.o(.text.HAL_RCC_OscConfig)
    HAL_SYSTICK_Config                       0x0800308d   Thumb Code    44  stm32f1xx_hal_cortex.o(.text.HAL_SYSTICK_Config)
    HAL_UARTEx_RxEventCallback               0x080030b9   Thumb Code     2  stm32f1xx_hal_uart.o(.text.HAL_UARTEx_RxEventCallback)
    HAL_UART_ErrorCallback                   0x080030bd   Thumb Code     4  main.o(.text.HAL_UART_ErrorCallback)
    HAL_UART_IRQHandler                      0x080030c1   Thumb Code  1392  stm32f1xx_hal_uart.o(.text.HAL_UART_IRQHandler)
    HAL_UART_Init                            0x08003631   Thumb Code   226  stm32f1xx_hal_uart.o(.text.HAL_UART_Init)
    HAL_UART_MspInit                         0x08003715   Thumb Code   126  stm32f1xx_hal_msp.o(.text.HAL_UART_MspInit)
    HAL_UART_Receive_IT                      0x08003795   Thumb Code    84  stm32f1xx_hal_uart.o(.text.HAL_UART_Receive_IT)
    HAL_UART_RxCpltCallback                  0x080037e9   Thumb Code     4  main.o(.text.HAL_UART_RxCpltCallback)
    HAL_UART_Transmit                        0x080037ed   Thumb Code   402  stm32f1xx_hal_uart.o(.text.HAL_UART_Transmit)
    HAL_UART_TxCpltCallback                  0x08003981   Thumb Code     2  stm32f1xx_hal_uart.o(.text.HAL_UART_TxCpltCallback)
    HardFault_Handler                        0x08003985   Thumb Code     2  stm32f1xx_it.o(.text.HardFault_Handler)
    InputFilter_Init                         0x08003989   Thumb Code    20  input_filter.o(.text.InputFilter_Init)
    InputFilter_IsActive                     0x0800399d   Thumb Code    12  input_filter.o(.text.InputFilter_IsActive)
    InputFilter_Update                       0x080039a9   Thumb Code    58  input_filter.o(.text.InputFilter_Update)
    MemManage_Handler                        0x080039e5   Thumb Code     2  stm32f1xx_it.o(.text.MemManage_Handler)
    NMI_Handler                              0x080039e9   Thumb Code     2  stm32f1xx_it.o(.text.NMI_Handler)
    PendSV_Handler                           0x080039ed   Thumb Code     2  stm32f1xx_it.o(.text.PendSV_Handler)
    SVC_Handler                              0x080039f1   Thumb Code     2  stm32f1xx_it.o(.text.SVC_Handler)
    SysTick_Handler                          0x080039f5   Thumb Code     4  stm32f1xx_it.o(.text.SysTick_Handler)
    SystemInit                               0x080039f9   Thumb Code     2  system_stm32f1xx.o(.text.SystemInit)
    UART_Proto_ErrorCallback                 0x08003a09   Thumb Code    38  uart_proto.o(.text.UART_Proto_ErrorCallback)
    UART_Proto_Init                          0x08003a31   Thumb Code    34  uart_proto.o(.text.UART_Proto_Init)
    UART_Proto_Poll                          0x08003a55   Thumb Code  2636  uart_proto.o(.text.UART_Proto_Poll)
    UART_Proto_RxCpltCallback                0x080044f9   Thumb Code    94  uart_proto.o(.text.UART_Proto_RxCpltCallback)
    UART_Proto_StartReceiveIT                0x08004559   Thumb Code    24  uart_proto.o(.text.UART_Proto_StartReceiveIT)
    UART_SendAckResetEstop                   0x08004671   Thumb Code    12  uart_proto.o(.text.UART_SendAckResetEstop)
    UART_SendAckStart                        0x0800467d   Thumb Code     8  uart_proto.o(.text.UART_SendAckStart)
    UART_SendAckStop                         0x08004699   Thumb Code     8  uart_proto.o(.text.UART_SendAckStop)
    UART_SendAckStopSide                     0x080046b5   Thumb Code    32  uart_proto.o(.text.UART_SendAckStopSide)
    UART_SendEventBumper                     0x080046ed   Thumb Code     8  uart_proto.o(.text.UART_SendEventBumper)
    UART_SendNack                            0x08004711   Thumb Code    38  uart_proto.o(.text.UART_SendNack)
    UART_SendTelemetry                       0x08004739   Thumb Code   180  uart_proto.o(.text.UART_SendTelemetry)
    USART1_IRQHandler                        0x08004845   Thumb Code    12  stm32f1xx_it.o(.text.USART1_IRQHandler)
    UsageFault_Handler                       0x08004851   Thumb Code     2  stm32f1xx_it.o(.text.UsageFault_Handler)
    main                                     0x08004855   Thumb Code   414  main.o(.text.main)
    _btod_d2e                                0x08004a39   Thumb Code    62  btod.o(CL$$btod_d2e)
    _d2e_denorm_low                          0x08004a77   Thumb Code    70  btod.o(CL$$btod_d2e_denorm_low)
    _d2e_norm_op1                            0x08004abd   Thumb Code    96  btod.o(CL$$btod_d2e_norm_op1)
    __btod_div_common                        0x08004b1d   Thumb Code   696  btod.o(CL$$btod_div_common)
    _e2e                                     0x08004e55   Thumb Code   220  btod.o(CL$$btod_e2e)
    _btod_ediv                               0x08004f31   Thumb Code    42  btod.o(CL$$btod_ediv)
    _btod_emul                               0x08004f5b   Thumb Code    42  btod.o(CL$$btod_emul)
    __btod_mult_common                       0x08004f85   Thumb Code   580  btod.o(CL$$btod_mult_common)
    __ARM_fpclassify                         0x080051c9   Thumb Code    40  fpclassify.o(i.__ARM_fpclassify)
    _is_digit                                0x080051f1   Thumb Code    14  __printf_wp.o(i._is_digit)
    _get_lc_ctype                            0x08005201   Thumb Code    44  lc_ctype_c.o(locale$$code)
    _get_lc_numeric                          0x0800522d   Thumb Code    44  lc_numeric_c.o(locale$$code)
    _printf_fp_dec                           0x08005259   Thumb Code     4  printf1.o(x$fpl$printf1)
    _printf_fp_hex                           0x0800525d   Thumb Code     4  printf2.o(x$fpl$printf2)
    __I$use$fp                               0x08005260   Number         0  usenofp.o(x$fpl$usenofp)
    AHBPrescTable                            0x08005360   Data          16  system_stm32f1xx.o(.rodata.AHBPrescTable)
    APBPrescTable                            0x08005370   Data           8  system_stm32f1xx.o(.rodata.APBPrescTable)
    Region$$Table$$Base                      0x08005460   Number         0  anon$$obj.o(Region$$Table)
    Region$$Table$$Limit                     0x08005480   Number         0  anon$$obj.o(Region$$Table)
    __ctype                                  0x0800548d   Data           0  lc_ctype_c.o(locale$$data)
    uwTickFreq                               0x20000000   Data           1  stm32f1xx_hal.o(.data..L_MergedGlobals)
    uwTickPrio                               0x20000004   Data           4  stm32f1xx_hal.o(.data..L_MergedGlobals)
    SystemCoreClock                          0x20000008   Data           4  system_stm32f1xx.o(.data.SystemCoreClock)
    __libspace_start                         0x20000010   Data          96  libspace.o(.bss)
    __temporary_stack_top$libspace           0x20000070   Data           0  libspace.o(.bss)
    huart1                                   0x20000190   Data          72  main.o(.bss.huart1)
    uwTick                                   0x20000288   Data           4  stm32f1xx_hal.o(.bss.uwTick)



==============================================================================

Memory Map of the image

  Image Entry point : 0x080000ed

  Load Region LR_IROM1 (Base: 0x08000000, Size: 0x000055c0, Max: 0x00010000, ABSOLUTE)

    Execution Region ER_IROM1 (Exec base: 0x08000000, Load base: 0x08000000, Size: 0x000055ac, Max: 0x00010000, ABSOLUTE)

    Exec Addr    Load Addr    Size         Type   Attr      Idx    E Section Name        Object

    0x08000000   0x08000000   0x000000ec   Data   RO            3    RESET               startup_stm32f103xb.o
    0x080000ec   0x080000ec   0x00000008   Code   RO          743  * !!!main             c_w.l(__main.o)
    0x080000f4   0x080000f4   0x0000005c   Code   RO         1063    !!!scatter          c_w.l(__scatter.o)
    0x08000150   0x08000150   0x0000001a   Code   RO         1067    !!handler_copy      c_w.l(__scatter_copy.o)
    0x0800016a   0x0800016a   0x00000002   PAD
    0x0800016c   0x0800016c   0x00000002   Code   RO         1064    !!handler_null      c_w.l(__scatter.o)
    0x0800016e   0x0800016e   0x00000002   PAD
    0x08000170   0x08000170   0x0000001c   Code   RO         1069    !!handler_zi        c_w.l(__scatter_zi.o)
    0x0800018c   0x0800018c   0x00000000   Code   RO          734    .ARM.Collect$$_printf_percent$$00000000  c_w.l(_printf_percent.o)
    0x0800018c   0x0800018c   0x00000006   Code   RO          801    .ARM.Collect$$_printf_percent$$00000001  c_w.l(_printf_n.o)
    0x08000192   0x08000192   0x00000006   Code   RO          803    .ARM.Collect$$_printf_percent$$00000002  c_w.l(_printf_p.o)
    0x08000198   0x08000198   0x00000006   Code   RO          807    .ARM.Collect$$_printf_percent$$00000003  c_w.l(_printf_f.o)
    0x0800019e   0x0800019e   0x00000006   Code   RO          808    .ARM.Collect$$_printf_percent$$00000004  c_w.l(_printf_e.o)
    0x080001a4   0x080001a4   0x00000006   Code   RO          809    .ARM.Collect$$_printf_percent$$00000005  c_w.l(_printf_g.o)
    0x080001aa   0x080001aa   0x00000006   Code   RO          810    .ARM.Collect$$_printf_percent$$00000006  c_w.l(_printf_a.o)
    0x080001b0   0x080001b0   0x0000000a   Code   RO          815    .ARM.Collect$$_printf_percent$$00000007  c_w.l(_printf_ll.o)
    0x080001ba   0x080001ba   0x00000006   Code   RO          805    .ARM.Collect$$_printf_percent$$00000008  c_w.l(_printf_i.o)
    0x080001c0   0x080001c0   0x00000006   Code   RO          806    .ARM.Collect$$_printf_percent$$00000009  c_w.l(_printf_d.o)
    0x080001c6   0x080001c6   0x00000006   Code   RO          733    .ARM.Collect$$_printf_percent$$0000000A  c_w.l(_printf_u.o)
    0x080001cc   0x080001cc   0x00000006   Code   RO          804    .ARM.Collect$$_printf_percent$$0000000B  c_w.l(_printf_o.o)
    0x080001d2   0x080001d2   0x00000006   Code   RO          802    .ARM.Collect$$_printf_percent$$0000000C  c_w.l(_printf_x.o)
    0x080001d8   0x080001d8   0x00000006   Code   RO          812    .ARM.Collect$$_printf_percent$$0000000D  c_w.l(_printf_lli.o)
    0x080001de   0x080001de   0x00000006   Code   RO          813    .ARM.Collect$$_printf_percent$$0000000E  c_w.l(_printf_lld.o)
    0x080001e4   0x080001e4   0x00000006   Code   RO          814    .ARM.Collect$$_printf_percent$$0000000F  c_w.l(_printf_llu.o)
    0x080001ea   0x080001ea   0x00000006   Code   RO          819    .ARM.Collect$$_printf_percent$$00000010  c_w.l(_printf_llo.o)
    0x080001f0   0x080001f0   0x00000006   Code   RO          820    .ARM.Collect$$_printf_percent$$00000011  c_w.l(_printf_llx.o)
    0x080001f6   0x080001f6   0x0000000a   Code   RO          816    .ARM.Collect$$_printf_percent$$00000012  c_w.l(_printf_l.o)
    0x08000200   0x08000200   0x00000006   Code   RO          799    .ARM.Collect$$_printf_percent$$00000013  c_w.l(_printf_c.o)
    0x08000206   0x08000206   0x00000006   Code   RO          800    .ARM.Collect$$_printf_percent$$00000014  c_w.l(_printf_s.o)
    0x0800020c   0x0800020c   0x00000006   Code   RO          817    .ARM.Collect$$_printf_percent$$00000015  c_w.l(_printf_lc.o)
    0x08000212   0x08000212   0x00000006   Code   RO          818    .ARM.Collect$$_printf_percent$$00000016  c_w.l(_printf_ls.o)
    0x08000218   0x08000218   0x00000004   Code   RO          811    .ARM.Collect$$_printf_percent$$00000017  c_w.l(_printf_percent_end.o)
    0x0800021c   0x0800021c   0x00000002   Code   RO          919    .ARM.Collect$$libinit$$00000000  c_w.l(libinit.o)
    0x0800021e   0x0800021e   0x00000000   Code   RO          921    .ARM.Collect$$libinit$$00000002  c_w.l(libinit2.o)
    0x0800021e   0x0800021e   0x00000000   Code   RO          923    .ARM.Collect$$libinit$$00000004  c_w.l(libinit2.o)
    0x0800021e   0x0800021e   0x00000000   Code   RO          925    .ARM.Collect$$libinit$$00000006  c_w.l(libinit2.o)
    0x0800021e   0x0800021e   0x00000000   Code   RO          928    .ARM.Collect$$libinit$$0000000C  c_w.l(libinit2.o)
    0x0800021e   0x0800021e   0x00000000   Code   RO          930    .ARM.Collect$$libinit$$0000000E  c_w.l(libinit2.o)
    0x0800021e   0x0800021e   0x00000000   Code   RO          932    .ARM.Collect$$libinit$$00000010  c_w.l(libinit2.o)
    0x0800021e   0x0800021e   0x00000006   Code   RO          933    .ARM.Collect$$libinit$$00000011  c_w.l(libinit2.o)
    0x08000224   0x08000224   0x00000000   Code   RO          935    .ARM.Collect$$libinit$$00000013  c_w.l(libinit2.o)
    0x08000224   0x08000224   0x0000000c   Code   RO          936    .ARM.Collect$$libinit$$00000014  c_w.l(libinit2.o)
    0x08000230   0x08000230   0x00000000   Code   RO          937    .ARM.Collect$$libinit$$00000015  c_w.l(libinit2.o)
    0x08000230   0x08000230   0x00000000   Code   RO          939    .ARM.Collect$$libinit$$00000017  c_w.l(libinit2.o)
    0x08000230   0x08000230   0x0000000a   Code   RO          940    .ARM.Collect$$libinit$$00000018  c_w.l(libinit2.o)
    0x0800023a   0x0800023a   0x00000000   Code   RO          941    .ARM.Collect$$libinit$$00000019  c_w.l(libinit2.o)
    0x0800023a   0x0800023a   0x00000000   Code   RO          943    .ARM.Collect$$libinit$$0000001B  c_w.l(libinit2.o)
    0x0800023a   0x0800023a   0x00000000   Code   RO          945    .ARM.Collect$$libinit$$0000001D  c_w.l(libinit2.o)
    0x0800023a   0x0800023a   0x00000000   Code   RO          947    .ARM.Collect$$libinit$$0000001F  c_w.l(libinit2.o)
    0x0800023a   0x0800023a   0x00000000   Code   RO          949    .ARM.Collect$$libinit$$00000021  c_w.l(libinit2.o)
    0x0800023a   0x0800023a   0x00000000   Code   RO          951    .ARM.Collect$$libinit$$00000023  c_w.l(libinit2.o)
    0x0800023a   0x0800023a   0x00000000   Code   RO          953    .ARM.Collect$$libinit$$00000025  c_w.l(libinit2.o)
    0x0800023a   0x0800023a   0x00000000   Code   RO          955    .ARM.Collect$$libinit$$00000027  c_w.l(libinit2.o)
    0x0800023a   0x0800023a   0x00000000   Code   RO          959    .ARM.Collect$$libinit$$0000002E  c_w.l(libinit2.o)
    0x0800023a   0x0800023a   0x00000000   Code   RO          961    .ARM.Collect$$libinit$$00000030  c_w.l(libinit2.o)
    0x0800023a   0x0800023a   0x00000000   Code   RO          963    .ARM.Collect$$libinit$$00000032  c_w.l(libinit2.o)
    0x0800023a   0x0800023a   0x00000000   Code   RO          965    .ARM.Collect$$libinit$$00000034  c_w.l(libinit2.o)
    0x0800023a   0x0800023a   0x00000002   Code   RO          966    .ARM.Collect$$libinit$$00000035  c_w.l(libinit2.o)
    0x0800023c   0x0800023c   0x00000002   Code   RO         1009    .ARM.Collect$$libshutdown$$00000000  c_w.l(libshutdown.o)
    0x0800023e   0x0800023e   0x00000000   Code   RO         1020    .ARM.Collect$$libshutdown$$00000002  c_w.l(libshutdown2.o)
    0x0800023e   0x0800023e   0x00000000   Code   RO         1022    .ARM.Collect$$libshutdown$$00000004  c_w.l(libshutdown2.o)
    0x0800023e   0x0800023e   0x00000000   Code   RO         1025    .ARM.Collect$$libshutdown$$00000007  c_w.l(libshutdown2.o)
    0x0800023e   0x0800023e   0x00000000   Code   RO         1028    .ARM.Collect$$libshutdown$$0000000A  c_w.l(libshutdown2.o)
    0x0800023e   0x0800023e   0x00000000   Code   RO         1030    .ARM.Collect$$libshutdown$$0000000C  c_w.l(libshutdown2.o)
    0x0800023e   0x0800023e   0x00000000   Code   RO         1033    .ARM.Collect$$libshutdown$$0000000F  c_w.l(libshutdown2.o)
    0x0800023e   0x0800023e   0x00000002   Code   RO         1034    .ARM.Collect$$libshutdown$$00000010  c_w.l(libshutdown2.o)
    0x08000240   0x08000240   0x00000000   Code   RO          745    .ARM.Collect$$rtentry$$00000000  c_w.l(__rtentry.o)
    0x08000240   0x08000240   0x00000000   Code   RO          835    .ARM.Collect$$rtentry$$00000002  c_w.l(__rtentry2.o)
    0x08000240   0x08000240   0x00000006   Code   RO          847    .ARM.Collect$$rtentry$$00000004  c_w.l(__rtentry4.o)
    0x08000246   0x08000246   0x00000000   Code   RO          837    .ARM.Collect$$rtentry$$00000009  c_w.l(__rtentry2.o)
    0x08000246   0x08000246   0x00000004   Code   RO          838    .ARM.Collect$$rtentry$$0000000A  c_w.l(__rtentry2.o)
    0x0800024a   0x0800024a   0x00000000   Code   RO          840    .ARM.Collect$$rtentry$$0000000C  c_w.l(__rtentry2.o)
    0x0800024a   0x0800024a   0x00000008   Code   RO          841    .ARM.Collect$$rtentry$$0000000D  c_w.l(__rtentry2.o)
    0x08000252   0x08000252   0x00000002   Code   RO          972    .ARM.Collect$$rtexit$$00000000  c_w.l(rtexit.o)
    0x08000254   0x08000254   0x00000000   Code   RO          981    .ARM.Collect$$rtexit$$00000002  c_w.l(rtexit2.o)
    0x08000254   0x08000254   0x00000004   Code   RO          982    .ARM.Collect$$rtexit$$00000003  c_w.l(rtexit2.o)
    0x08000258   0x08000258   0x00000006   Code   RO          983    .ARM.Collect$$rtexit$$00000004  c_w.l(rtexit2.o)
    0x0800025e   0x0800025e   0x00000002   PAD
    0x08000260   0x08000260   0x00000040   Code   RO            4    .text               startup_stm32f103xb.o
    0x080002a0   0x080002a0   0x0000003c   Code   RO          703    .text               c_w.l(vsnprintf.o)
    0x080002dc   0x080002dc   0x00000040   Code   RO          705    .text               c_w.l(__2snprintf.o)
    0x0800031c   0x0800031c   0x00000078   Code   RO          711    .text               c_w.l(_printf_dec.o)
    0x08000394   0x08000394   0x00000188   Code   RO          730    .text               c_w.l(__printf_flags_ss_wp.o)
    0x0800051c   0x0800051c   0x00000072   Code   RO          735    .text               c_w.l(strtoul.o)
    0x0800058e   0x0800058e   0x0000003e   Code   RO          737    .text               c_w.l(strlen.o)
    0x080005cc   0x080005cc   0x0000004e   Code   RO          739    .text               c_w.l(rt_memclr_w.o)
    0x0800061a   0x0800061a   0x00000006   Code   RO          741    .text               c_w.l(heapauxi.o)
    0x08000620   0x08000620   0x00000010   Code   RO          746    .text               c_w.l(rt_ctype_table.o)
    0x08000630   0x08000630   0x00000008   Code   RO          751    .text               c_w.l(rt_errno_addr_intlibspace.o)
    0x08000638   0x08000638   0x0000004e   Code   RO          753    .text               c_w.l(_printf_pad.o)
    0x08000686   0x08000686   0x00000024   Code   RO          755    .text               c_w.l(_printf_truncate.o)
    0x080006aa   0x080006aa   0x00000052   Code   RO          757    .text               c_w.l(_printf_str.o)
    0x080006fc   0x080006fc   0x000000b2   Code   RO          759    .text               c_w.l(_printf_intcommon.o)
    0x080007ae   0x080007ae   0x00000028   Code   RO          761    .text               c_w.l(_printf_charcount.o)
    0x080007d6   0x080007d6   0x00000002   PAD
    0x080007d8   0x080007d8   0x00000030   Code   RO          763    .text               c_w.l(_printf_char_common.o)
    0x08000808   0x08000808   0x00000010   Code   RO          765    .text               c_w.l(_snputc.o)
    0x08000818   0x08000818   0x000000bc   Code   RO          767    .text               c_w.l(_printf_wctomb.o)
    0x080008d4   0x080008d4   0x0000007c   Code   RO          770    .text               c_w.l(_printf_longlong_dec.o)
    0x08000950   0x08000950   0x00000070   Code   RO          776    .text               c_w.l(_printf_oct_int_ll.o)
    0x080009c0   0x080009c0   0x00000094   Code   RO          796    .text               c_w.l(_printf_hex_int_ll_ptr.o)
    0x08000a54   0x08000a54   0x0000009e   Code   RO          821    .text               c_w.l(_strtoul.o)
    0x08000af2   0x08000af2   0x00000002   PAD
    0x08000af4   0x08000af4   0x00000008   Code   RO          831    .text               c_w.l(libspace.o)
    0x08000afc   0x08000afc   0x00000008   Code   RO          852    .text               c_w.l(rt_locale_intlibspace.o)
    0x08000b04   0x08000b04   0x0000008a   Code   RO          854    .text               c_w.l(lludiv10.o)
    0x08000b8e   0x08000b8e   0x0000041c   Code   RO          856    .text               c_w.l(_printf_fp_dec.o)
    0x08000faa   0x08000faa   0x00000002   PAD
    0x08000fac   0x08000fac   0x000002fc   Code   RO          860    .text               c_w.l(_printf_fp_hex.o)
    0x080012a8   0x080012a8   0x0000002c   Code   RO          865    .text               c_w.l(_printf_char.o)
    0x080012d4   0x080012d4   0x0000002c   Code   RO          867    .text               c_w.l(_printf_wchar.o)
    0x08001300   0x08001300   0x0000001c   Code   RO          869    .text               c_w.l(_chval.o)
    0x0800131c   0x0800131c   0x00000048   Code   RO          871    .text               c_w.l(_c16rtomb.o)
    0x08001364   0x08001364   0x0000004a   Code   RO          876    .text               c_w.l(sys_stackheap_outer.o)
    0x080013ae   0x080013ae   0x00000002   PAD
    0x080013b0   0x080013b0   0x00000080   Code   RO          878    .text               c_w.l(_printf_fp_infnan.o)
    0x08001430   0x08001430   0x000000e4   Code   RO          880    .text               c_w.l(bigflt0.o)
    0x08001514   0x08001514   0x00000012   Code   RO          910    .text               c_w.l(exit.o)
    0x08001526   0x08001526   0x00000002   PAD
    0x08001528   0x08001528   0x00000080   Code   RO          912    .text               c_w.l(strcmpv7m.o)
    0x080015a8   0x080015a8   0x0000000c   Code   RO          995    .text               c_w.l(sys_exit.o)
    0x080015b4   0x080015b4   0x00000002   Code   RO         1010    .text               c_w.l(use_no_semi.o)
    0x080015b6   0x080015b6   0x00000000   Code   RO         1012    .text               c_w.l(indicate_semi.o)
    0x080015b6   0x080015b6   0x00000002   PAD
    0x080015b8   0x080015b8   0x000000a8   Code   RO           70    .text.App_Init      app_main.o
    0x08001660   0x08001660   0x0000024c   Code   RO           72    .text.App_Loop      app_main.o
    0x080018ac   0x080018ac   0x00000012   Code   RO           84    .text.Audio_Clear   audio_board.o
    0x080018be   0x080018be   0x00000002   PAD
    0x080018c0   0x080018c0   0x00000094   Code   RO           88    .text.Audio_PlayTrack  audio_board.o
    0x08001954   0x08001954   0x00000058   Code   RO           86    .text.Audio_SendHex  audio_board.o
    0x080019ac   0x080019ac   0x00000036   Code   RO           90    .text.Audio_Task    audio_board.o
    0x080019e2   0x080019e2   0x00000002   PAD
    0x080019e4   0x080019e4   0x0000007a   Code   RO          121    .text.Belt_CmdStartLoad  belt_fsm.o
    0x08001a5e   0x08001a5e   0x00000002   PAD
    0x08001a60   0x08001a60   0x00000142   Code   RO          123    .text.Belt_CmdUnload  belt_fsm.o
    0x08001ba2   0x08001ba2   0x00000002   PAD
    0x08001ba4   0x08001ba4   0x0000001e   Code   RO          107    .text.Belt_GetActiveBelt  belt_fsm.o
    0x08001bc2   0x08001bc2   0x00000002   PAD
    0x08001bc4   0x08001bc4   0x0000000c   Code   RO          109    .text.Belt_GetEstopSource  belt_fsm.o
    0x08001bd0   0x08001bd0   0x0000000c   Code   RO          105    .text.Belt_GetState  belt_fsm.o
    0x08001bdc   0x08001bdc   0x00000022   Code   RO          111    .text.Belt_HasCargo  belt_fsm.o
    0x08001bfe   0x08001bfe   0x00000002   PAD
    0x08001c00   0x08001c00   0x0000002e   Code   RO          103    .text.Belt_Init     belt_fsm.o
    0x08001c2e   0x08001c2e   0x00000002   PAD
    0x08001c30   0x08001c30   0x000000ae   Code   RO          119    .text.Belt_OnStartButton  belt_fsm.o
    0x08001cde   0x08001cde   0x00000002   PAD
    0x08001ce0   0x08001ce0   0x00000034   Code   RO          117    .text.Belt_OnStopButton  belt_fsm.o
    0x08001d14   0x08001d14   0x00000036   Code   RO          101    .text.Belt_PopEvent  belt_fsm.o
    0x08001d4a   0x08001d4a   0x00000002   PAD
    0x08001d4c   0x08001d4c   0x000005ba   Code   RO          125    .text.Belt_Tick     belt_fsm.o
    0x08002306   0x08002306   0x00000002   PAD
    0x08002308   0x08002308   0x00000028   Code   RO          113    .text.Belt_TriggerEstop  belt_fsm.o
    0x08002330   0x08002330   0x00000062   Code   RO          115    .text.Belt_TryResetEstop  belt_fsm.o
    0x08002392   0x08002392   0x00000002   PAD
    0x08002394   0x08002394   0x00000054   Code   RO          154    .text.Board_BeltHold  board_gpio.o
    0x080023e8   0x080023e8   0x0000008a   Code   RO          150    .text.Board_BeltRun  board_gpio.o
    0x08002472   0x08002472   0x00000002   PAD
    0x08002474   0x08002474   0x00000064   Code   RO          152    .text.Board_BeltStop  board_gpio.o
    0x080024d8   0x080024d8   0x0000003e   Code   RO          148    .text.Board_RelayAllOff  board_gpio.o
    0x08002516   0x08002516   0x00000002   PAD
    0x08002518   0x08002518   0x0000000e   Code   RO          140    .text.Board_S1      board_gpio.o
    0x08002526   0x08002526   0x00000002   PAD
    0x08002528   0x08002528   0x00000010   Code   RO          142    .text.Board_S2      board_gpio.o
    0x08002538   0x08002538   0x00000010   Code   RO          144    .text.Board_S3      board_gpio.o
    0x08002548   0x08002548   0x00000010   Code   RO          146    .text.Board_S4      board_gpio.o
    0x08002558   0x08002558   0x0000005c   Code   RO          136    .text.Board_SensorsInit  board_gpio.o
    0x080025b4   0x080025b4   0x00000064   Code   RO          138    .text.Board_SensorsUpdate  board_gpio.o
    0x08002618   0x08002618   0x00000002   Code   RO           37    .text.BusFault_Handler  stm32f1xx_it.o
    0x0800261a   0x0800261a   0x00000002   PAD
    0x0800261c   0x0800261c   0x00000002   Code   RO           43    .text.DebugMon_Handler  stm32f1xx_it.o
    0x0800261e   0x0800261e   0x00000002   PAD
    0x08002620   0x08002620   0x00000046   Code   RO          498    .text.HAL_DMA_Abort  stm32f1xx_hal_dma.o
    0x08002666   0x08002666   0x00000002   PAD
    0x08002668   0x08002668   0x000000b6   Code   RO          500    .text.HAL_DMA_Abort_IT  stm32f1xx_hal_dma.o
    0x0800271e   0x0800271e   0x00000002   PAD
    0x08002720   0x08002720   0x0000020e   Code   RO          466    .text.HAL_GPIO_Init  stm32f1xx_hal_gpio.o
    0x0800292e   0x0800292e   0x00000002   PAD
    0x08002930   0x08002930   0x0000000a   Code   RO          470    .text.HAL_GPIO_ReadPin  stm32f1xx_hal_gpio.o
    0x0800293a   0x0800293a   0x00000002   PAD
    0x0800293c   0x0800293c   0x0000000a   Code   RO          472    .text.HAL_GPIO_WritePin  stm32f1xx_hal_gpio.o
    0x08002946   0x08002946   0x00000002   PAD
    0x08002948   0x08002948   0x0000000c   Code   RO          366    .text.HAL_GetTick   stm32f1xx_hal.o
    0x08002954   0x08002954   0x0000001a   Code   RO          364    .text.HAL_IncTick   stm32f1xx_hal.o
    0x0800296e   0x0800296e   0x00000002   PAD
    0x08002970   0x08002970   0x00000026   Code   RO          354    .text.HAL_Init      stm32f1xx_hal.o
    0x08002996   0x08002996   0x00000002   PAD
    0x08002998   0x08002998   0x00000048   Code   RO          356    .text.HAL_InitTick  stm32f1xx_hal.o
    0x080029e0   0x080029e0   0x00000002   Code   RO          358    .text.HAL_MspInit   stm32f1xx_hal.o
    0x080029e2   0x080029e2   0x00000002   PAD
    0x080029e4   0x080029e4   0x00000022   Code   RO          526    .text.HAL_NVIC_EnableIRQ  stm32f1xx_hal_cortex.o
    0x08002a06   0x08002a06   0x00000002   PAD
    0x08002a08   0x08002a08   0x00000056   Code   RO          524    .text.HAL_NVIC_SetPriority  stm32f1xx_hal_cortex.o
    0x08002a5e   0x08002a5e   0x00000002   PAD
    0x08002a60   0x08002a60   0x00000020   Code   RO          522    .text.HAL_NVIC_SetPriorityGrouping  stm32f1xx_hal_cortex.o
    0x08002a80   0x08002a80   0x000001ba   Code   RO          418    .text.HAL_RCC_ClockConfig  stm32f1xx_hal_rcc.o
    0x08002c3a   0x08002c3a   0x00000002   PAD
    0x08002c3c   0x08002c3c   0x00000026   Code   RO          430    .text.HAL_RCC_GetPCLK1Freq  stm32f1xx_hal_rcc.o
    0x08002c62   0x08002c62   0x00000002   PAD
    0x08002c64   0x08002c64   0x00000026   Code   RO          432    .text.HAL_RCC_GetPCLK2Freq  stm32f1xx_hal_rcc.o
    0x08002c8a   0x08002c8a   0x00000002   PAD
    0x08002c8c   0x08002c8c   0x00000400   Code   RO          416    .text.HAL_RCC_OscConfig  stm32f1xx_hal_rcc.o
    0x0800308c   0x0800308c   0x0000002c   Code   RO          534    .text.HAL_SYSTICK_Config  stm32f1xx_hal_cortex.o
    0x080030b8   0x080030b8   0x00000002   Code   RO          318    .text.HAL_UARTEx_RxEventCallback  stm32f1xx_hal_uart.o
    0x080030ba   0x080030ba   0x00000002   PAD
    0x080030bc   0x080030bc   0x00000004   Code   RO           19    .text.HAL_UART_ErrorCallback  main.o
    0x080030c0   0x080030c0   0x00000570   Code   RO          310    .text.HAL_UART_IRQHandler  stm32f1xx_hal_uart.o
    0x08003630   0x08003630   0x000000e2   Code   RO          234    .text.HAL_UART_Init  stm32f1xx_hal_uart.o
    0x08003712   0x08003712   0x00000002   PAD
    0x08003714   0x08003714   0x0000007e   Code   RO           58    .text.HAL_UART_MspInit  stm32f1xx_hal_msp.o
    0x08003792   0x08003792   0x00000002   PAD
    0x08003794   0x08003794   0x00000054   Code   RO          254    .text.HAL_UART_Receive_IT  stm32f1xx_hal_uart.o
    0x080037e8   0x080037e8   0x00000004   Code   RO           17    .text.HAL_UART_RxCpltCallback  main.o
    0x080037ec   0x080037ec   0x00000192   Code   RO          248    .text.HAL_UART_Transmit  stm32f1xx_hal_uart.o
    0x0800397e   0x0800397e   0x00000002   PAD
    0x08003980   0x08003980   0x00000002   Code   RO          320    .text.HAL_UART_TxCpltCallback  stm32f1xx_hal_uart.o
    0x08003982   0x08003982   0x00000002   PAD
    0x08003984   0x08003984   0x00000002   Code   RO           33    .text.HardFault_Handler  stm32f1xx_it.o
    0x08003986   0x08003986   0x00000002   PAD
    0x08003988   0x08003988   0x00000014   Code   RO          165    .text.InputFilter_Init  input_filter.o
    0x0800399c   0x0800399c   0x0000000c   Code   RO          169    .text.InputFilter_IsActive  input_filter.o
    0x080039a8   0x080039a8   0x0000003a   Code   RO          167    .text.InputFilter_Update  input_filter.o
    0x080039e2   0x080039e2   0x00000002   PAD
    0x080039e4   0x080039e4   0x00000002   Code   RO           35    .text.MemManage_Handler  stm32f1xx_it.o
    0x080039e6   0x080039e6   0x00000002   PAD
    0x080039e8   0x080039e8   0x00000002   Code   RO           31    .text.NMI_Handler   stm32f1xx_it.o
    0x080039ea   0x080039ea   0x00000002   PAD
    0x080039ec   0x080039ec   0x00000002   Code   RO           45    .text.PendSV_Handler  stm32f1xx_it.o
    0x080039ee   0x080039ee   0x00000002   PAD
    0x080039f0   0x080039f0   0x00000002   Code   RO           41    .text.SVC_Handler   stm32f1xx_it.o
    0x080039f2   0x080039f2   0x00000002   PAD
    0x080039f4   0x080039f4   0x00000004   Code   RO           47    .text.SysTick_Handler  stm32f1xx_it.o
    0x080039f8   0x080039f8   0x00000002   Code   RO          687    .text.SystemInit    system_stm32f1xx.o
    0x080039fa   0x080039fa   0x00000002   PAD
    0x080039fc   0x080039fc   0x0000000c   Code   RO          314    .text.UART_DMAAbortOnError  stm32f1xx_hal_uart.o
    0x08003a08   0x08003a08   0x00000026   Code   RO          207    .text.UART_Proto_ErrorCallback  uart_proto.o
    0x08003a2e   0x08003a2e   0x00000002   PAD
    0x08003a30   0x08003a30   0x00000022   Code   RO          179    .text.UART_Proto_Init  uart_proto.o
    0x08003a52   0x08003a52   0x00000002   PAD
    0x08003a54   0x08003a54   0x00000aa4   Code   RO          181    .text.UART_Proto_Poll  uart_proto.o
    0x080044f8   0x080044f8   0x0000005e   Code   RO          205    .text.UART_Proto_RxCpltCallback  uart_proto.o
    0x08004556   0x08004556   0x00000002   PAD
    0x08004558   0x08004558   0x00000018   Code   RO          203    .text.UART_Proto_StartReceiveIT  uart_proto.o
    0x08004570   0x08004570   0x000000fe   Code   RO          312    .text.UART_Receive_IT  stm32f1xx_hal_uart.o
    0x0800466e   0x0800466e   0x00000002   PAD
    0x08004670   0x08004670   0x0000000c   Code   RO          197    .text.UART_SendAckResetEstop  uart_proto.o
    0x0800467c   0x0800467c   0x0000001c   Code   RO          191    .text.UART_SendAckStart  uart_proto.o
    0x08004698   0x08004698   0x0000001c   Code   RO          193    .text.UART_SendAckStop  uart_proto.o
    0x080046b4   0x080046b4   0x00000038   Code   RO          195    .text.UART_SendAckStopSide  uart_proto.o
    0x080046ec   0x080046ec   0x00000024   Code   RO          201    .text.UART_SendEventBumper  uart_proto.o
    0x08004710   0x08004710   0x00000026   Code   RO          183    .text.UART_SendNack  uart_proto.o
    0x08004736   0x08004736   0x00000002   PAD
    0x08004738   0x08004738   0x0000010c   Code   RO          199    .text.UART_SendTelemetry  uart_proto.o
    0x08004844   0x08004844   0x0000000c   Code   RO           49    .text.USART1_IRQHandler  stm32f1xx_it.o
    0x08004850   0x08004850   0x00000002   Code   RO           39    .text.UsageFault_Handler  stm32f1xx_it.o
    0x08004852   0x08004852   0x00000002   PAD
    0x08004854   0x08004854   0x0000019e   Code   RO           11    .text.main          main.o
    0x080049f2   0x080049f2   0x00000002   PAD
    0x080049f4   0x080049f4   0x00000044   Code   RO          187    .text.uart_send_frame  uart_proto.o
    0x08004a38   0x08004a38   0x0000003e   Code   RO          883    CL$$btod_d2e        c_w.l(btod.o)
    0x08004a76   0x08004a76   0x00000046   Code   RO          885    CL$$btod_d2e_denorm_low  c_w.l(btod.o)
    0x08004abc   0x08004abc   0x00000060   Code   RO          884    CL$$btod_d2e_norm_op1  c_w.l(btod.o)
    0x08004b1c   0x08004b1c   0x00000338   Code   RO          893    CL$$btod_div_common  c_w.l(btod.o)
    0x08004e54   0x08004e54   0x000000dc   Code   RO          890    CL$$btod_e2e        c_w.l(btod.o)
    0x08004f30   0x08004f30   0x0000002a   Code   RO          887    CL$$btod_ediv       c_w.l(btod.o)
    0x08004f5a   0x08004f5a   0x0000002a   Code   RO          886    CL$$btod_emul       c_w.l(btod.o)
    0x08004f84   0x08004f84   0x00000244   Code   RO          892    CL$$btod_mult_common  c_w.l(btod.o)
    0x080051c8   0x080051c8   0x00000028   Code   RO          970    i.__ARM_fpclassify  m_ws.l(fpclassify.o)
    0x080051f0   0x080051f0   0x0000000e   Code   RO          723    i._is_digit         c_w.l(__printf_wp.o)
    0x080051fe   0x080051fe   0x00000002   PAD
    0x08005200   0x08005200   0x0000002c   Code   RO          874    locale$$code        c_w.l(lc_ctype_c.o)
    0x0800522c   0x0800522c   0x0000002c   Code   RO          908    locale$$code        c_w.l(lc_numeric_c.o)
    0x08005258   0x08005258   0x00000004   Code   RO          823    x$fpl$printf1       fz_ws.l(printf1.o)
    0x0800525c   0x0800525c   0x00000004   Code   RO          825    x$fpl$printf2       fz_ws.l(printf2.o)
    0x08005260   0x08005260   0x00000000   Code   RO          969    x$fpl$usenofp       fz_ws.l(usenofp.o)
    0x08005260   0x08005260   0x00000011   Data   RO          731    .constdata          c_w.l(__printf_flags_ss_wp.o)
    0x08005271   0x08005271   0x00000003   PAD
    0x08005274   0x08005274   0x00000008   Data   RO          768    .constdata          c_w.l(_printf_wctomb.o)
    0x0800527c   0x0800527c   0x00000028   Data   RO          797    .constdata          c_w.l(_printf_hex_int_ll_ptr.o)
    0x080052a4   0x080052a4   0x00000026   Data   RO          861    .constdata          c_w.l(_printf_fp_hex.o)
    0x080052ca   0x080052ca   0x00000002   PAD
    0x080052cc   0x080052cc   0x00000094   Data   RO          881    .constdata          c_w.l(bigflt0.o)
    0x08005360   0x08005360   0x00000010   Data   RO          692    .rodata.AHBPrescTable  system_stm32f1xx.o
    0x08005370   0x08005370   0x00000008   Data   RO          693    .rodata.APBPrescTable  system_stm32f1xx.o
    0x08005378   0x08005378   0x00000002   Data   RO          443    .rodata.HAL_RCC_GetSysClockFreq.aPredivFactorTable  stm32f1xx_hal_rcc.o
    0x0800537a   0x0800537a   0x00000010   Data   RO          442    .rodata.cst16       stm32f1xx_hal_rcc.o
    0x0800538a   0x0800538a   0x00000010   Data   RO           74    .rodata.str1.1      app_main.o
    0x0800539a   0x0800539a   0x000000c4   Data   RO          210    .rodata.str1.1      uart_proto.o
    0x0800545e   0x0800545e   0x00000002   PAD
    0x08005460   0x08005460   0x00000020   Data   RO         1062    Region$$Table       anon$$obj.o
    0x08005480   0x08005480   0x00000110   Data   RO          873    locale$$data        c_w.l(lc_ctype_c.o)
    0x08005590   0x08005590   0x0000001c   Data   RO          907    locale$$data        c_w.l(lc_numeric_c.o)


    Execution Region RW_IRAM1 (Exec base: 0x20000000, Load base: 0x080055b0, Size: 0x00000890, Max: 0x00005000, ABSOLUTE)

    Exec Addr    Load Addr    Size         Type   Attr      Idx    E Section Name        Object

    0x20000000   0x080055b0   0x00000008   Data   RW          405    .data..L_MergedGlobals  stm32f1xx_hal.o
    0x20000008   0x080055b8   0x00000004   Data   RW          691    .data.SystemCoreClock  system_stm32f1xx.o
    0x2000000c   0x080055bc   0x00000004   PAD
    0x20000010        -       0x00000060   Zero   RW          832    .bss                c_w.l(libspace.o)
    0x20000070        -       0x00000050   Zero   RW           75    .bss..L_MergedGlobals  app_main.o
    0x200000c0        -       0x00000008   Zero   RW           92    .bss..L_MergedGlobals  audio_board.o
    0x200000c8        -       0x0000005c   Zero   RW          127    .bss..L_MergedGlobals  belt_fsm.o
    0x20000124        -       0x0000006c   Zero   RW          211    .bss..L_MergedGlobals  uart_proto.o
    0x20000190        -       0x00000048   Zero   RW           21    .bss.huart1         main.o
    0x200001d8        -       0x00000080   Zero   RW          209    .bss.s_rx_ring      uart_proto.o
    0x20000258        -       0x00000030   Zero   RW          156    .bss.s_sensor_filter  board_gpio.o
    0x20000288        -       0x00000004   Zero   RW          404    .bss.uwTick         stm32f1xx_hal.o
    0x2000028c   0x080055bc   0x00000004   PAD
    0x20000290        -       0x00000200   Zero   RW            2    HEAP                startup_stm32f103xb.o
    0x20000490        -       0x00000400   Zero   RW            1    STACK               startup_stm32f103xb.o


==============================================================================

Image component sizes


      Code (inc. data)   RO Data    RW Data    ZI Data      Debug   Object Name

       756         36         16          0         80       5380   app_main.o
       308         28          0          0          8       2006   audio_board.o
      2462         58          0          0         92      13079   belt_fsm.o
       638          0          0          0         48       4108   board_gpio.o
        90          0          0          0          0       1648   input_filter.o
       422          0          0          0         72       7650   main.o
        64         26        236          0       1536        784   startup_stm32f103xb.o
       150          0          0          8          4       5764   stm32f1xx_hal.o
       196          0          0          0          0       8418   stm32f1xx_hal_cortex.o
       252          0          0          0          0       8285   stm32f1xx_hal_dma.o
       546         22          0          0          0       4692   stm32f1xx_hal_gpio.o
       126          0          0          0          0       4025   stm32f1xx_hal_msp.o
      1542          0         18          0          0       7952   stm32f1xx_hal_rcc.o
      2374          0          0          0          0      32624   stm32f1xx_hal_uart.o
        32          0          0          0          0       3849   stm32f1xx_it.o
         2          0         24          4          0       1602   system_stm32f1xx.o
      3448        286        196          0        236      16348   uart_proto.o

    ----------------------------------------------------------------------
     13504        456        524         12       2084     128214   Object Totals
         0          0         32          0          0          0   (incl. Generated)
        96          0          2          0          8          0   (incl. Padding)

    ----------------------------------------------------------------------

      Code (inc. data)   RO Data    RW Data    ZI Data      Debug   Library Member Name

        64          6          0          0          0         84   __2snprintf.o
         8          0          0          0          0         68   __main.o
       392          4         17          0          0         92   __printf_flags_ss_wp.o
        14          0          0          0          0         68   __printf_wp.o
         0          0          0          0          0          0   __rtentry.o
        12          0          0          0          0          0   __rtentry2.o
         6          0          0          0          0          0   __rtentry4.o
        94          8          0          0          0          0   __scatter.o
        26          0          0          0          0          0   __scatter_copy.o
        28          0          0          0          0          0   __scatter_zi.o
        72          0          0          0          0         96   _c16rtomb.o
        28          0          0          0          0         68   _chval.o
         6          0          0          0          0          0   _printf_a.o
         6          0          0          0          0          0   _printf_c.o
        44          0          0          0          0        108   _printf_char.o
        48          6          0          0          0         96   _printf_char_common.o
        40          0          0          0          0         68   _printf_charcount.o
         6          0          0          0          0          0   _printf_d.o
       120         16          0          0          0         92   _printf_dec.o
         6          0          0          0          0          0   _printf_e.o
         6          0          0          0          0          0   _printf_f.o
      1052          0          0          0          0        148   _printf_fp_dec.o
       764          8         38          0          0        100   _printf_fp_hex.o
       128         16          0          0          0         84   _printf_fp_infnan.o
         6          0          0          0          0          0   _printf_g.o
       148          4         40          0          0        160   _printf_hex_int_ll_ptr.o
         6          0          0          0          0          0   _printf_i.o
       178          0          0          0          0         88   _printf_intcommon.o
        10          0          0          0          0          0   _printf_l.o
         6          0          0          0          0          0   _printf_lc.o
        10          0          0          0          0          0   _printf_ll.o
         6          0          0          0          0          0   _printf_lld.o
         6          0          0          0          0          0   _printf_lli.o
         6          0          0          0          0          0   _printf_llo.o
         6          0          0          0          0          0   _printf_llu.o
         6          0          0          0          0          0   _printf_llx.o
       124         16          0          0          0         92   _printf_longlong_dec.o
         6          0          0          0          0          0   _printf_ls.o
         6          0          0          0          0          0   _printf_n.o
         6          0          0          0          0          0   _printf_o.o
       112          8          0          0          0        124   _printf_oct_int_ll.o
         6          0          0          0          0          0   _printf_p.o
        78          0          0          0          0        108   _printf_pad.o
         0          0          0          0          0          0   _printf_percent.o
         4          0          0          0          0          0   _printf_percent_end.o
         6          0          0          0          0          0   _printf_s.o
        82          0          0          0          0         80   _printf_str.o
        36          0          0          0          0         84   _printf_truncate.o
         6          0          0          0          0          0   _printf_u.o
        44          0          0          0          0        108   _printf_wchar.o
       188          6          8          0          0         92   _printf_wctomb.o
         6          0          0          0          0          0   _printf_x.o
        16          0          0          0          0         68   _snputc.o
       158          0          0          0          0         92   _strtoul.o
       228          4        148          0          0         96   bigflt0.o
      1936        128          0          0          0        668   btod.o
        18          0          0          0          0         80   exit.o
         6          0          0          0          0        152   heapauxi.o
         0          0          0          0          0          0   indicate_semi.o
        44         10        272          0          0         76   lc_ctype_c.o
        44         10         28          0          0         76   lc_numeric_c.o
         2          0          0          0          0          0   libinit.o
        30          0          0          0          0          0   libinit2.o
         2          0          0          0          0          0   libshutdown.o
         2          0          0          0          0          0   libshutdown2.o
         8          4          0          0         96         68   libspace.o
       138          0          0          0          0         80   lludiv10.o
        16          4          0          0          0         76   rt_ctype_table.o
         8          4          0          0          0         68   rt_errno_addr_intlibspace.o
         8          4          0          0          0         68   rt_locale_intlibspace.o
        78          0          0          0          0         80   rt_memclr_w.o
         2          0          0          0          0          0   rtexit.o
        10          0          0          0          0          0   rtexit2.o
       128          0          0          0          0         68   strcmpv7m.o
        62          0          0          0          0         76   strlen.o
       114          0          0          0          0         92   strtoul.o
        12          4          0          0          0         68   sys_exit.o
        74          0          0          0          0         80   sys_stackheap_outer.o
         2          0          0          0          0         68   use_no_semi.o
        60          4          0          0          0         80   vsnprintf.o
         4          0          0          0          0         68   printf1.o
         4          0          0          0          0         68   printf2.o
         0          0          0          0          0          0   usenofp.o
        40          0          0          0          0         68   fpclassify.o

    ----------------------------------------------------------------------
      7348        274        556          0         96       4592   Library Totals
        20          0          5          0          0          0   (incl. Padding)

    ----------------------------------------------------------------------

      Code (inc. data)   RO Data    RW Data    ZI Data      Debug   Library Name

      7280        274        551          0         96       4388   c_w.l
         8          0          0          0          0        136   fz_ws.l
        40          0          0          0          0         68   m_ws.l

    ----------------------------------------------------------------------
      7348        274        556          0         96       4592   Library Totals

    ----------------------------------------------------------------------

==============================================================================


      Code (inc. data)   RO Data    RW Data    ZI Data      Debug   

     20852        730       1080         12       2180     130074   Grand Totals
     20852        730       1080         12       2180     130074   ELF Image Totals
     20852        730       1080         12          0          0   ROM Totals

==============================================================================

    Total RO  Size (Code + RO Data)                21932 (  21.42kB)
    Total RW  Size (RW Data + ZI Data)              2192 (   2.14kB)
    Total ROM Size (Code + RO Data + RW Data)      21944 (  21.43kB)

==============================================================================

